[{"contents":
  [{"typeinfo": {"type": "Nat → Nat", "name": "example", "_type": "typeinfo"},
    "semanticType": "Keyword",
    "raw": "example",
    "link": null,
    "docstring": null,
    "_type": "token"},
   {"typeinfo": null,
    "semanticType": null,
    "raw": " : ",
    "link": null,
    "docstring": null,
    "_type": "token"},
   {"typeinfo": {"type": "Type", "name": "Nat", "_type": "typeinfo"},
    "semanticType": null,
    "raw": "Nat",
    "link": null,
    "docstring": null,
    "_type": "token"},
   {"typeinfo": null,
    "semanticType": null,
    "raw": " → ",
    "link": null,
    "docstring": null,
    "_type": "token"},
   {"typeinfo": {"type": "Type", "name": "Nat", "_type": "typeinfo"},
    "semanticType": null,
    "raw": "Nat",
    "link": null,
    "docstring": null,
    "_type": "token"},
   {"typeinfo": null,
    "semanticType": null,
    "raw": "\n  | ",
    "link": null,
    "docstring": null,
    "_type": "token"},
   {"typeinfo": {"type": "Nat", "name": "0", "_type": "typeinfo"},
    "semanticType": null,
    "raw": "0",
    "link": null,
    "docstring": null,
    "_type": "token"},
   {"typeinfo": null,
    "semanticType": null,
    "raw": " => ",
    "link": null,
    "docstring": null,
    "_type": "token"},
   {"typeinfo": {"type": "Nat", "name": "0", "_type": "typeinfo"},
    "semanticType": null,
    "raw": "0",
    "link": null,
    "docstring": null,
    "_type": "token"},
   {"typeinfo": null,
    "semanticType": null,
    "raw": "\n  | ",
    "link": null,
    "docstring": null,
    "_type": "token"},
   {"typeinfo": {"type": "Nat", "name": "n", "_type": "typeinfo"},
    "semanticType": "Name.Variable",
    "raw": "n",
    "link": null,
    "docstring": null,
    "_type": "token"},
   {"typeinfo": null,
    "semanticType": null,
    "raw": " + ",
    "link": null,
    "docstring": null,
    "_type": "token"},
   {"typeinfo": {"type": "Nat", "name": "1", "_type": "typeinfo"},
    "semanticType": null,
    "raw": "1",
    "link": null,
    "docstring": null,
    "_type": "token"},
   {"typeinfo": null,
    "semanticType": null,
    "raw": " => ",
    "link": null,
    "docstring": null,
    "_type": "token"}],
  "_type": "text"},
 {"messages": [],
  "goals":
  [{"name": "",
    "hypotheses":
    [{"type": "Nat", "names": ["n"], "body": "", "_type": "hypothesis"}],
    "conclusion": "Nat",
    "_type": "goal"}],
  "contents":
  [{"typeinfo": null,
    "semanticType": "Keyword",
    "raw": "by",
    "link": null,
    "docstring": null,
    "_type": "token"},
   {"typeinfo": null,
    "semanticType": null,
    "raw": " ",
    "link": null,
    "docstring": null,
    "_type": "token"}],
  "_type": "sentence"},
 {"messages": [],
  "goals":
  [{"name": "",
    "hypotheses": [],
    "conclusion": "Goals accomplished! 🐙",
    "_type": "goal"}],
  "contents":
  [{"typeinfo": null,
    "semanticType": "Keyword",
    "raw": "exact",
    "link": null,
    "docstring":
    "`exact e` closes the main goal if its target type matches that of `e`.\n",
    "_type": "token"},
   {"typeinfo": null,
    "semanticType": null,
    "raw": " ",
    "link": null,
    "docstring":
    "`exact e` closes the main goal if its target type matches that of `e`.\n",
    "_type": "token"},
   {"typeinfo": {"type": "Nat", "name": "n", "_type": "typeinfo"},
    "semanticType": "Name.Variable",
    "raw": "n",
    "link": null,
    "docstring": null,
    "_type": "token"}],
  "_type": "sentence"},
 {"contents": [], "_type": "text"}]