[{"contents":
  [{"typeinfo": null,
    "semanticType": "Keyword",
    "raw": "theorem",
    "link": null,
    "docstring": null,
    "_type": "token"},
   {"typeinfo": null,
    "semanticType": null,
    "raw": " ",
    "link": null,
    "docstring": null,
    "_type": "token"}],
  "_type": "text"},
 {"messages":
  [{"contents": "Warning: declaration uses 'sorry'", "_type": "message"}],
  "goals": [],
  "contents":
  [{"typeinfo":
    {"type": "∀ (p q : Prop), p → q → p ∧ q ∧ p",
     "name": "test",
     "_type": "typeinfo"},
    "semanticType": "Name.Variable",
    "raw": "test",
    "link": null,
    "docstring": null,
    "_type": "token"}],
  "_type": "sentence"},
 {"contents":
  [{"typeinfo": null,
    "semanticType": null,
    "raw": " (",
    "link": null,
    "docstring": null,
    "_type": "token"},
   {"typeinfo": {"type": "Prop", "name": "p", "_type": "typeinfo"},
    "semanticType": "Name.Variable",
    "raw": "p",
    "link": null,
    "docstring": null,
    "_type": "token"},
   {"typeinfo": null,
    "semanticType": null,
    "raw": " ",
    "link": null,
    "docstring": null,
    "_type": "token"},
   {"typeinfo": {"type": "Prop", "name": "q", "_type": "typeinfo"},
    "semanticType": "Name.Variable",
    "raw": "q",
    "link": null,
    "docstring": null,
    "_type": "token"},
   {"typeinfo": null,
    "semanticType": null,
    "raw": " : ",
    "link": null,
    "docstring": null,
    "_type": "token"},
   {"typeinfo": {"type": "Type", "name": "Prop", "_type": "typeinfo"},
    "semanticType": null,
    "raw": "Prop",
    "link": null,
    "docstring": null,
    "_type": "token"},
   {"typeinfo": null,
    "semanticType": null,
    "raw": ") (",
    "link": null,
    "docstring": null,
    "_type": "token"},
   {"typeinfo": {"type": "p", "name": "hp", "_type": "typeinfo"},
    "semanticType": "Name.Variable",
    "raw": "hp",
    "link": null,
    "docstring": null,
    "_type": "token"},
   {"typeinfo": null,
    "semanticType": null,
    "raw": " : ",
    "link": null,
    "docstring": null,
    "_type": "token"},
   {"typeinfo": {"type": "Prop", "name": "p", "_type": "typeinfo"},
    "semanticType": "Name.Variable",
    "raw": "p",
    "link": null,
    "docstring": null,
    "_type": "token"},
   {"typeinfo": null,
    "semanticType": null,
    "raw": ") (",
    "link": null,
    "docstring": null,
    "_type": "token"},
   {"typeinfo": {"type": "q", "name": "hq", "_type": "typeinfo"},
    "semanticType": "Name.Variable",
    "raw": "hq",
    "link": null,
    "docstring": null,
    "_type": "token"},
   {"typeinfo": null,
    "semanticType": null,
    "raw": " : ",
    "link": null,
    "docstring": null,
    "_type": "token"},
   {"typeinfo": {"type": "Prop", "name": "q", "_type": "typeinfo"},
    "semanticType": "Name.Variable",
    "raw": "q",
    "link": null,
    "docstring": null,
    "_type": "token"},
   {"typeinfo": null,
    "semanticType": null,
    "raw": ") : ",
    "link": null,
    "docstring": null,
    "_type": "token"},
   {"typeinfo": {"type": "Prop", "name": "p", "_type": "typeinfo"},
    "semanticType": "Name.Variable",
    "raw": "p",
    "link": null,
    "docstring": null,
    "_type": "token"},
   {"typeinfo": null,
    "semanticType": null,
    "raw": " ∧ ",
    "link": null,
    "docstring": null,
    "_type": "token"},
   {"typeinfo": {"type": "Prop", "name": "q", "_type": "typeinfo"},
    "semanticType": "Name.Variable",
    "raw": "q",
    "link": null,
    "docstring": null,
    "_type": "token"},
   {"typeinfo": null,
    "semanticType": null,
    "raw": " ∧ ",
    "link": null,
    "docstring": null,
    "_type": "token"},
   {"typeinfo": {"type": "Prop", "name": "p", "_type": "typeinfo"},
    "semanticType": "Name.Variable",
    "raw": "p",
    "link": null,
    "docstring": null,
    "_type": "token"},
   {"typeinfo": null,
    "semanticType": null,
    "raw": " :=\n  ",
    "link": null,
    "docstring": null,
    "_type": "token"},
   {"typeinfo": {"type": "p ∧ q ∧ p", "name": "sorry", "_type": "typeinfo"},
    "semanticType": null,
    "raw": "sorry",
    "link": null,
    "docstring": null,
    "_type": "token"}],
  "_type": "text"}]