[{"contents":
  [{"typeinfo": null,
    "semanticType": "Keyword",
    "raw": "def",
    "link": null,
    "docstring": null,
    "_type": "token"},
   {"typeinfo": null,
    "semanticType": null,
    "raw": " ",
    "link": null,
    "docstring": null,
    "_type": "token"},
   {"typeinfo": {"type": "Nat", "name": "x", "_type": "typeinfo"},
    "semanticType": "Name.Variable",
    "raw": "x",
    "link": null,
    "docstring": null,
    "_type": "token"},
   {"typeinfo": null,
    "semanticType": null,
    "raw": " := ",
    "link": null,
    "docstring": null,
    "_type": "token"},
   {"typeinfo": {"type": "Nat", "name": "1", "_type": "typeinfo"},
    "semanticType": null,
    "raw": "1",
    "link": null,
    "docstring": null,
    "_type": "token"},
   {"typeinfo": null,
    "semanticType": null,
    "raw": "\n",
    "link": null,
    "docstring": null,
    "_type": "token"}],
  "_type": "text"},
 {"messages": [{"contents": "2\n", "_type": "message"}],
  "goals": [],
  "contents":
  [{"typeinfo": null,
    "semanticType": "Keyword",
    "raw": "#eval",
    "link": null,
    "docstring": null,
    "_type": "token"}],
  "_type": "sentence"},
 {"contents":
  [{"typeinfo": null,
    "semanticType": null,
    "raw": " ",
    "link": null,
    "docstring": null,
    "_type": "token"},
   {"typeinfo": {"type": "Nat", "name": "1", "_type": "typeinfo"},
    "semanticType": null,
    "raw": "1",
    "link": null,
    "docstring": null,
    "_type": "token"},
   {"typeinfo": null,
    "semanticType": null,
    "raw": " + ",
    "link": null,
    "docstring": null,
    "_type": "token"},
   {"typeinfo": {"type": "Nat", "name": "x", "_type": "typeinfo"},
    "semanticType": null,
    "raw": "x",
    "link": null,
    "docstring": null,
    "_type": "token"},
   {"typeinfo": null,
    "semanticType": null,
    "raw": " ",
    "link": null,
    "docstring": null,
    "_type": "token"}],
  "_type": "text"}]