[{"contents":
  "/-|\n=======\n Title\n=======\n\nProse. *Emphasis*; **strong emphasis**; ``code``; `coq code`; `link <url>`__.\n|-/\n\n",
  "_type": "text"},
 {"messages": [{"contents": "Bool : Type\n", "_type": "message"}],
  "goals": [],
  "contents": "#check",
  "_type": "sentence"},
 {"contents": " Bool\n\n", "_type": "text"},
 {"messages": [{"contents": "Hello World\n", "_type": "message"}],
  "goals": [],
  "contents": "#print",
  "_type": "sentence"},
 {"contents":
  " \"Hello World\"\n\nexample (p q r : Prop) : p ∧ (q ∨ r) ↔ (p ∧ q) ∨ (p ∧ r) := ",
  "_type": "text"},
 {"messages": [],
  "goals":
  [{"name": "",
    "hypotheses":
    [{"type": "Prop",
      "names": ["p", "q", "r"],
      "body": "",
      "_type": "hypothesis"}],
    "conclusion": "p ∧ (q ∨ r) ↔ p ∧ q ∨ p ∧ r",
    "_type": "goal"}],
  "contents": "by\n  ",
  "_type": "sentence"},
 {"messages": [],
  "goals":
  [{"name": "mp",
    "hypotheses":
    [{"type": "Prop",
      "names": ["p", "q", "r"],
      "body": "",
      "_type": "hypothesis"}],
    "conclusion": "p ∧ (q ∨ r) → p ∧ q ∨ p ∧ r",
    "_type": "goal"},
   {"name": "mpr",
    "hypotheses":
    [{"type": "Prop",
      "names": ["p", "q", "r"],
      "body": "",
      "_type": "hypothesis"}],
    "conclusion": "p ∧ q ∨ p ∧ r → p ∧ (q ∨ r)",
    "_type": "goal"}],
  "contents": "apply Iff.intro",
  "_type": "sentence"},
 {"messages": [],
  "goals":
  [{"name": "",
    "hypotheses":
    [{"type": "Prop",
      "names": ["p", "q", "r"],
      "body": "",
      "_type": "hypothesis"}],
    "conclusion": "p ∧ (q ∨ r) ↔ p ∧ q ∨ p ∧ r",
    "_type": "goal"}],
  "contents": "\n  ",
  "_type": "sentence"},
 {"messages": [],
  "goals":
  [{"name": "mp",
    "hypotheses":
    [{"type": "Prop",
      "names": ["p", "q", "r"],
      "body": "",
      "_type": "hypothesis"}],
    "conclusion": "p ∧ (q ∨ r) → p ∧ q ∨ p ∧ r",
    "_type": "goal"}],
  "contents": ".",
  "_type": "sentence"},
 {"messages": [],
  "goals":
  [{"name": "mp",
    "hypotheses":
    [{"type": "Prop",
      "names": ["p", "q", "r"],
      "body": "",
      "_type": "hypothesis"}],
    "conclusion": "p ∧ (q ∨ r) → p ∧ q ∨ p ∧ r",
    "_type": "goal"},
   {"name": "mpr",
    "hypotheses":
    [{"type": "Prop",
      "names": ["p", "q", "r"],
      "body": "",
      "_type": "hypothesis"}],
    "conclusion": "p ∧ q ∨ p ∧ r → p ∧ (q ∨ r)",
    "_type": "goal"}],
  "contents": " ",
  "_type": "sentence"},
 {"messages": [],
  "goals":
  [{"name": "mp",
    "hypotheses":
    [{"type": "Prop",
      "names": ["p", "q", "r"],
      "body": "",
      "_type": "hypothesis"},
     {"type": "p ∧ (q ∨ r)",
      "names": ["h"],
      "body": "",
      "_type": "hypothesis"}],
    "conclusion": "p ∧ q ∨ p ∧ r",
    "_type": "goal"}],
  "contents": "intro h",
  "_type": "sentence"},
 {"messages": [],
  "goals":
  [{"name": "mp",
    "hypotheses":
    [{"type": "Prop",
      "names": ["p", "q", "r"],
      "body": "",
      "_type": "hypothesis"}],
    "conclusion": "p ∧ (q ∨ r) → p ∧ q ∨ p ∧ r",
    "_type": "goal"},
   {"name": "mpr",
    "hypotheses":
    [{"type": "Prop",
      "names": ["p", "q", "r"],
      "body": "",
      "_type": "hypothesis"}],
    "conclusion": "p ∧ q ∨ p ∧ r → p ∧ (q ∨ r)",
    "_type": "goal"}],
  "contents": "\n    ",
  "_type": "sentence"},
 {"messages": [],
  "goals":
  [{"name": "mp.left",
    "hypotheses":
    [{"type": "Prop",
      "names": ["p", "q", "r"],
      "body": "",
      "_type": "hypothesis"},
     {"type": "p ∧ (q ∨ r)",
      "names": ["h"],
      "body": "",
      "_type": "hypothesis"}],
    "conclusion": "q → p ∧ q ∨ p ∧ r",
    "_type": "goal"},
   {"name": "mp.right",
    "hypotheses":
    [{"type": "Prop",
      "names": ["p", "q", "r"],
      "body": "",
      "_type": "hypothesis"},
     {"type": "p ∧ (q ∨ r)",
      "names": ["h"],
      "body": "",
      "_type": "hypothesis"}],
    "conclusion": "r → p ∧ q ∨ p ∧ r",
    "_type": "goal"}],
  "contents": "apply Or.elim (And.right h)",
  "_type": "sentence"},
 {"messages": [],
  "goals":
  [{"name": "mp",
    "hypotheses":
    [{"type": "Prop",
      "names": ["p", "q", "r"],
      "body": "",
      "_type": "hypothesis"}],
    "conclusion": "p ∧ (q ∨ r) → p ∧ q ∨ p ∧ r",
    "_type": "goal"},
   {"name": "mpr",
    "hypotheses":
    [{"type": "Prop",
      "names": ["p", "q", "r"],
      "body": "",
      "_type": "hypothesis"}],
    "conclusion": "p ∧ q ∨ p ∧ r → p ∧ (q ∨ r)",
    "_type": "goal"}],
  "contents": "\n    ",
  "_type": "sentence"},
 {"messages": [],
  "goals":
  [{"name": "mp.left",
    "hypotheses":
    [{"type": "Prop",
      "names": ["p", "q", "r"],
      "body": "",
      "_type": "hypothesis"},
     {"type": "p ∧ (q ∨ r)",
      "names": ["h"],
      "body": "",
      "_type": "hypothesis"}],
    "conclusion": "q → p ∧ q ∨ p ∧ r",
    "_type": "goal"}],
  "contents": ".",
  "_type": "sentence"},
 {"messages": [],
  "goals":
  [{"name": "mp.left",
    "hypotheses":
    [{"type": "Prop",
      "names": ["p", "q", "r"],
      "body": "",
      "_type": "hypothesis"},
     {"type": "p ∧ (q ∨ r)",
      "names": ["h"],
      "body": "",
      "_type": "hypothesis"}],
    "conclusion": "q → p ∧ q ∨ p ∧ r",
    "_type": "goal"},
   {"name": "mp.right",
    "hypotheses":
    [{"type": "Prop",
      "names": ["p", "q", "r"],
      "body": "",
      "_type": "hypothesis"},
     {"type": "p ∧ (q ∨ r)",
      "names": ["h"],
      "body": "",
      "_type": "hypothesis"}],
    "conclusion": "r → p ∧ q ∨ p ∧ r",
    "_type": "goal"}],
  "contents": " ",
  "_type": "sentence"},
 {"messages": [],
  "goals":
  [{"name": "mp.left",
    "hypotheses":
    [{"type": "Prop",
      "names": ["p", "q", "r"],
      "body": "",
      "_type": "hypothesis"},
     {"type": "p ∧ (q ∨ r)", "names": ["h"], "body": "", "_type": "hypothesis"},
     {"type": "q", "names": ["hq"], "body": "", "_type": "hypothesis"}],
    "conclusion": "p ∧ q ∨ p ∧ r",
    "_type": "goal"}],
  "contents": "intro hq",
  "_type": "sentence"},
 {"messages": [],
  "goals":
  [{"name": "mp.left",
    "hypotheses":
    [{"type": "Prop",
      "names": ["p", "q", "r"],
      "body": "",
      "_type": "hypothesis"},
     {"type": "p ∧ (q ∨ r)",
      "names": ["h"],
      "body": "",
      "_type": "hypothesis"}],
    "conclusion": "q → p ∧ q ∨ p ∧ r",
    "_type": "goal"},
   {"name": "mp.right",
    "hypotheses":
    [{"type": "Prop",
      "names": ["p", "q", "r"],
      "body": "",
      "_type": "hypothesis"},
     {"type": "p ∧ (q ∨ r)",
      "names": ["h"],
      "body": "",
      "_type": "hypothesis"}],
    "conclusion": "r → p ∧ q ∨ p ∧ r",
    "_type": "goal"}],
  "contents": "\n      ",
  "_type": "sentence"},
 {"messages": [],
  "goals":
  [{"name": "mp.left.h",
    "hypotheses":
    [{"type": "Prop",
      "names": ["p", "q", "r"],
      "body": "",
      "_type": "hypothesis"},
     {"type": "p ∧ (q ∨ r)", "names": ["h"], "body": "", "_type": "hypothesis"},
     {"type": "q", "names": ["hq"], "body": "", "_type": "hypothesis"}],
    "conclusion": "p ∧ q",
    "_type": "goal"}],
  "contents": "apply Or.inl",
  "_type": "sentence"},
 {"messages": [],
  "goals":
  [{"name": "mp.left",
    "hypotheses":
    [{"type": "Prop",
      "names": ["p", "q", "r"],
      "body": "",
      "_type": "hypothesis"},
     {"type": "p ∧ (q ∨ r)",
      "names": ["h"],
      "body": "",
      "_type": "hypothesis"}],
    "conclusion": "q → p ∧ q ∨ p ∧ r",
    "_type": "goal"},
   {"name": "mp.right",
    "hypotheses":
    [{"type": "Prop",
      "names": ["p", "q", "r"],
      "body": "",
      "_type": "hypothesis"},
     {"type": "p ∧ (q ∨ r)",
      "names": ["h"],
      "body": "",
      "_type": "hypothesis"}],
    "conclusion": "r → p ∧ q ∨ p ∧ r",
    "_type": "goal"}],
  "contents": "\n      ",
  "_type": "sentence"},
 {"messages": [],
  "goals":
  [{"name": "mp.left.h.left",
    "hypotheses":
    [{"type": "Prop",
      "names": ["p", "q", "r"],
      "body": "",
      "_type": "hypothesis"},
     {"type": "p ∧ (q ∨ r)", "names": ["h"], "body": "", "_type": "hypothesis"},
     {"type": "q", "names": ["hq"], "body": "", "_type": "hypothesis"}],
    "conclusion": "p",
    "_type": "goal"},
   {"name": "mp.left.h.right",
    "hypotheses":
    [{"type": "Prop",
      "names": ["p", "q", "r"],
      "body": "",
      "_type": "hypothesis"},
     {"type": "p ∧ (q ∨ r)", "names": ["h"], "body": "", "_type": "hypothesis"},
     {"type": "q", "names": ["hq"], "body": "", "_type": "hypothesis"}],
    "conclusion": "q",
    "_type": "goal"}],
  "contents": "apply And.intro",
  "_type": "sentence"},
 {"messages": [],
  "goals":
  [{"name": "mp.left",
    "hypotheses":
    [{"type": "Prop",
      "names": ["p", "q", "r"],
      "body": "",
      "_type": "hypothesis"},
     {"type": "p ∧ (q ∨ r)",
      "names": ["h"],
      "body": "",
      "_type": "hypothesis"}],
    "conclusion": "q → p ∧ q ∨ p ∧ r",
    "_type": "goal"},
   {"name": "mp.right",
    "hypotheses":
    [{"type": "Prop",
      "names": ["p", "q", "r"],
      "body": "",
      "_type": "hypothesis"},
     {"type": "p ∧ (q ∨ r)",
      "names": ["h"],
      "body": "",
      "_type": "hypothesis"}],
    "conclusion": "r → p ∧ q ∨ p ∧ r",
    "_type": "goal"}],
  "contents": "\n      ",
  "_type": "sentence"},
 {"messages": [],
  "goals":
  [{"name": "mp.left.h.left",
    "hypotheses":
    [{"type": "Prop",
      "names": ["p", "q", "r"],
      "body": "",
      "_type": "hypothesis"},
     {"type": "p ∧ (q ∨ r)", "names": ["h"], "body": "", "_type": "hypothesis"},
     {"type": "q", "names": ["hq"], "body": "", "_type": "hypothesis"}],
    "conclusion": "p",
    "_type": "goal"}],
  "contents": ".",
  "_type": "sentence"},
 {"messages": [],
  "goals":
  [{"name": "mp.left.h.left",
    "hypotheses":
    [{"type": "Prop",
      "names": ["p", "q", "r"],
      "body": "",
      "_type": "hypothesis"},
     {"type": "p ∧ (q ∨ r)", "names": ["h"], "body": "", "_type": "hypothesis"},
     {"type": "q", "names": ["hq"], "body": "", "_type": "hypothesis"}],
    "conclusion": "p",
    "_type": "goal"},
   {"name": "mp.left.h.right",
    "hypotheses":
    [{"type": "Prop",
      "names": ["p", "q", "r"],
      "body": "",
      "_type": "hypothesis"},
     {"type": "p ∧ (q ∨ r)", "names": ["h"], "body": "", "_type": "hypothesis"},
     {"type": "q", "names": ["hq"], "body": "", "_type": "hypothesis"}],
    "conclusion": "q",
    "_type": "goal"}],
  "contents": " ",
  "_type": "sentence"},
 {"messages": [],
  "goals": [{"name": "", "hypotheses": [], "conclusion": "🐙", "_type": "goal"}],
  "contents": "exact And.left h",
  "_type": "sentence"},
 {"messages": [],
  "goals":
  [{"name": "mp.left",
    "hypotheses":
    [{"type": "Prop",
      "names": ["p", "q", "r"],
      "body": "",
      "_type": "hypothesis"},
     {"type": "p ∧ (q ∨ r)",
      "names": ["h"],
      "body": "",
      "_type": "hypothesis"}],
    "conclusion": "q → p ∧ q ∨ p ∧ r",
    "_type": "goal"},
   {"name": "mp.right",
    "hypotheses":
    [{"type": "Prop",
      "names": ["p", "q", "r"],
      "body": "",
      "_type": "hypothesis"},
     {"type": "p ∧ (q ∨ r)",
      "names": ["h"],
      "body": "",
      "_type": "hypothesis"}],
    "conclusion": "r → p ∧ q ∨ p ∧ r",
    "_type": "goal"}],
  "contents": "\n      ",
  "_type": "sentence"},
 {"messages": [],
  "goals":
  [{"name": "mp.left.h.right",
    "hypotheses":
    [{"type": "Prop",
      "names": ["p", "q", "r"],
      "body": "",
      "_type": "hypothesis"},
     {"type": "p ∧ (q ∨ r)", "names": ["h"], "body": "", "_type": "hypothesis"},
     {"type": "q", "names": ["hq"], "body": "", "_type": "hypothesis"}],
    "conclusion": "q",
    "_type": "goal"}],
  "contents": ".",
  "_type": "sentence"},
 {"messages": [],
  "goals":
  [{"name": "mp.left.h.right",
    "hypotheses":
    [{"type": "Prop",
      "names": ["p", "q", "r"],
      "body": "",
      "_type": "hypothesis"},
     {"type": "p ∧ (q ∨ r)", "names": ["h"], "body": "", "_type": "hypothesis"},
     {"type": "q", "names": ["hq"], "body": "", "_type": "hypothesis"}],
    "conclusion": "q",
    "_type": "goal"}],
  "contents": " ",
  "_type": "sentence"},
 {"messages": [],
  "goals": [{"name": "", "hypotheses": [], "conclusion": "🐙", "_type": "goal"}],
  "contents": "exact hq",
  "_type": "sentence"},
 {"messages": [],
  "goals":
  [{"name": "mp",
    "hypotheses":
    [{"type": "Prop",
      "names": ["p", "q", "r"],
      "body": "",
      "_type": "hypothesis"}],
    "conclusion": "p ∧ (q ∨ r) → p ∧ q ∨ p ∧ r",
    "_type": "goal"},
   {"name": "mpr",
    "hypotheses":
    [{"type": "Prop",
      "names": ["p", "q", "r"],
      "body": "",
      "_type": "hypothesis"}],
    "conclusion": "p ∧ q ∨ p ∧ r → p ∧ (q ∨ r)",
    "_type": "goal"}],
  "contents": "\n    ",
  "_type": "sentence"},
 {"messages": [],
  "goals":
  [{"name": "mp.right",
    "hypotheses":
    [{"type": "Prop",
      "names": ["p", "q", "r"],
      "body": "",
      "_type": "hypothesis"},
     {"type": "p ∧ (q ∨ r)",
      "names": ["h"],
      "body": "",
      "_type": "hypothesis"}],
    "conclusion": "r → p ∧ q ∨ p ∧ r",
    "_type": "goal"}],
  "contents": ".",
  "_type": "sentence"},
 {"messages": [],
  "goals":
  [{"name": "mp.right",
    "hypotheses":
    [{"type": "Prop",
      "names": ["p", "q", "r"],
      "body": "",
      "_type": "hypothesis"},
     {"type": "p ∧ (q ∨ r)",
      "names": ["h"],
      "body": "",
      "_type": "hypothesis"}],
    "conclusion": "r → p ∧ q ∨ p ∧ r",
    "_type": "goal"}],
  "contents": " ",
  "_type": "sentence"},
 {"messages": [],
  "goals":
  [{"name": "mp.right",
    "hypotheses":
    [{"type": "Prop",
      "names": ["p", "q", "r"],
      "body": "",
      "_type": "hypothesis"},
     {"type": "p ∧ (q ∨ r)", "names": ["h"], "body": "", "_type": "hypothesis"},
     {"type": "r", "names": ["hr"], "body": "", "_type": "hypothesis"}],
    "conclusion": "p ∧ q ∨ p ∧ r",
    "_type": "goal"}],
  "contents": "intro hr",
  "_type": "sentence"},
 {"messages": [],
  "goals":
  [{"name": "mp.right",
    "hypotheses":
    [{"type": "Prop",
      "names": ["p", "q", "r"],
      "body": "",
      "_type": "hypothesis"},
     {"type": "p ∧ (q ∨ r)",
      "names": ["h"],
      "body": "",
      "_type": "hypothesis"}],
    "conclusion": "r → p ∧ q ∨ p ∧ r",
    "_type": "goal"}],
  "contents": "\n      ",
  "_type": "sentence"},
 {"messages": [],
  "goals":
  [{"name": "mp.right.h",
    "hypotheses":
    [{"type": "Prop",
      "names": ["p", "q", "r"],
      "body": "",
      "_type": "hypothesis"},
     {"type": "p ∧ (q ∨ r)", "names": ["h"], "body": "", "_type": "hypothesis"},
     {"type": "r", "names": ["hr"], "body": "", "_type": "hypothesis"}],
    "conclusion": "p ∧ r",
    "_type": "goal"}],
  "contents": "apply Or.inr",
  "_type": "sentence"},
 {"messages": [],
  "goals":
  [{"name": "mp.right",
    "hypotheses":
    [{"type": "Prop",
      "names": ["p", "q", "r"],
      "body": "",
      "_type": "hypothesis"},
     {"type": "p ∧ (q ∨ r)",
      "names": ["h"],
      "body": "",
      "_type": "hypothesis"}],
    "conclusion": "r → p ∧ q ∨ p ∧ r",
    "_type": "goal"}],
  "contents": "\n      ",
  "_type": "sentence"},
 {"messages": [],
  "goals":
  [{"name": "mp.right.h.left",
    "hypotheses":
    [{"type": "Prop",
      "names": ["p", "q", "r"],
      "body": "",
      "_type": "hypothesis"},
     {"type": "p ∧ (q ∨ r)", "names": ["h"], "body": "", "_type": "hypothesis"},
     {"type": "r", "names": ["hr"], "body": "", "_type": "hypothesis"}],
    "conclusion": "p",
    "_type": "goal"},
   {"name": "mp.right.h.right",
    "hypotheses":
    [{"type": "Prop",
      "names": ["p", "q", "r"],
      "body": "",
      "_type": "hypothesis"},
     {"type": "p ∧ (q ∨ r)", "names": ["h"], "body": "", "_type": "hypothesis"},
     {"type": "r", "names": ["hr"], "body": "", "_type": "hypothesis"}],
    "conclusion": "r",
    "_type": "goal"}],
  "contents": "apply And.intro",
  "_type": "sentence"},
 {"messages": [],
  "goals":
  [{"name": "mp.right",
    "hypotheses":
    [{"type": "Prop",
      "names": ["p", "q", "r"],
      "body": "",
      "_type": "hypothesis"},
     {"type": "p ∧ (q ∨ r)",
      "names": ["h"],
      "body": "",
      "_type": "hypothesis"}],
    "conclusion": "r → p ∧ q ∨ p ∧ r",
    "_type": "goal"}],
  "contents": "\n      ",
  "_type": "sentence"},
 {"messages": [],
  "goals":
  [{"name": "mp.right.h.left",
    "hypotheses":
    [{"type": "Prop",
      "names": ["p", "q", "r"],
      "body": "",
      "_type": "hypothesis"},
     {"type": "p ∧ (q ∨ r)", "names": ["h"], "body": "", "_type": "hypothesis"},
     {"type": "r", "names": ["hr"], "body": "", "_type": "hypothesis"}],
    "conclusion": "p",
    "_type": "goal"}],
  "contents": ".",
  "_type": "sentence"},
 {"messages": [],
  "goals":
  [{"name": "mp.right.h.left",
    "hypotheses":
    [{"type": "Prop",
      "names": ["p", "q", "r"],
      "body": "",
      "_type": "hypothesis"},
     {"type": "p ∧ (q ∨ r)", "names": ["h"], "body": "", "_type": "hypothesis"},
     {"type": "r", "names": ["hr"], "body": "", "_type": "hypothesis"}],
    "conclusion": "p",
    "_type": "goal"},
   {"name": "mp.right.h.right",
    "hypotheses":
    [{"type": "Prop",
      "names": ["p", "q", "r"],
      "body": "",
      "_type": "hypothesis"},
     {"type": "p ∧ (q ∨ r)", "names": ["h"], "body": "", "_type": "hypothesis"},
     {"type": "r", "names": ["hr"], "body": "", "_type": "hypothesis"}],
    "conclusion": "r",
    "_type": "goal"}],
  "contents": " ",
  "_type": "sentence"},
 {"messages": [],
  "goals": [{"name": "", "hypotheses": [], "conclusion": "🐙", "_type": "goal"}],
  "contents": "exact And.left h",
  "_type": "sentence"},
 {"messages": [],
  "goals":
  [{"name": "mp.right",
    "hypotheses":
    [{"type": "Prop",
      "names": ["p", "q", "r"],
      "body": "",
      "_type": "hypothesis"},
     {"type": "p ∧ (q ∨ r)",
      "names": ["h"],
      "body": "",
      "_type": "hypothesis"}],
    "conclusion": "r → p ∧ q ∨ p ∧ r",
    "_type": "goal"}],
  "contents": "\n      ",
  "_type": "sentence"},
 {"messages": [],
  "goals":
  [{"name": "mp.right.h.right",
    "hypotheses":
    [{"type": "Prop",
      "names": ["p", "q", "r"],
      "body": "",
      "_type": "hypothesis"},
     {"type": "p ∧ (q ∨ r)", "names": ["h"], "body": "", "_type": "hypothesis"},
     {"type": "r", "names": ["hr"], "body": "", "_type": "hypothesis"}],
    "conclusion": "r",
    "_type": "goal"}],
  "contents": ".",
  "_type": "sentence"},
 {"messages": [],
  "goals":
  [{"name": "mp.right.h.right",
    "hypotheses":
    [{"type": "Prop",
      "names": ["p", "q", "r"],
      "body": "",
      "_type": "hypothesis"},
     {"type": "p ∧ (q ∨ r)", "names": ["h"], "body": "", "_type": "hypothesis"},
     {"type": "r", "names": ["hr"], "body": "", "_type": "hypothesis"}],
    "conclusion": "r",
    "_type": "goal"}],
  "contents": " ",
  "_type": "sentence"},
 {"messages": [],
  "goals": [{"name": "", "hypotheses": [], "conclusion": "🐙", "_type": "goal"}],
  "contents": "exact hr",
  "_type": "sentence"},
 {"messages": [],
  "goals":
  [{"name": "",
    "hypotheses":
    [{"type": "Prop",
      "names": ["p", "q", "r"],
      "body": "",
      "_type": "hypothesis"}],
    "conclusion": "p ∧ (q ∨ r) ↔ p ∧ q ∨ p ∧ r",
    "_type": "goal"}],
  "contents": "\n  ",
  "_type": "sentence"},
 {"messages": [],
  "goals":
  [{"name": "mpr",
    "hypotheses":
    [{"type": "Prop",
      "names": ["p", "q", "r"],
      "body": "",
      "_type": "hypothesis"}],
    "conclusion": "p ∧ q ∨ p ∧ r → p ∧ (q ∨ r)",
    "_type": "goal"}],
  "contents": ".",
  "_type": "sentence"},
 {"messages": [],
  "goals":
  [{"name": "mpr",
    "hypotheses":
    [{"type": "Prop",
      "names": ["p", "q", "r"],
      "body": "",
      "_type": "hypothesis"}],
    "conclusion": "p ∧ q ∨ p ∧ r → p ∧ (q ∨ r)",
    "_type": "goal"}],
  "contents": " ",
  "_type": "sentence"},
 {"messages": [],
  "goals":
  [{"name": "mpr",
    "hypotheses":
    [{"type": "Prop",
      "names": ["p", "q", "r"],
      "body": "",
      "_type": "hypothesis"},
     {"type": "p ∧ q ∨ p ∧ r",
      "names": ["h"],
      "body": "",
      "_type": "hypothesis"}],
    "conclusion": "p ∧ (q ∨ r)",
    "_type": "goal"}],
  "contents": "intro h",
  "_type": "sentence"},
 {"messages": [],
  "goals":
  [{"name": "mpr",
    "hypotheses":
    [{"type": "Prop",
      "names": ["p", "q", "r"],
      "body": "",
      "_type": "hypothesis"}],
    "conclusion": "p ∧ q ∨ p ∧ r → p ∧ (q ∨ r)",
    "_type": "goal"}],
  "contents": "\n    ",
  "_type": "sentence"},
 {"messages": [],
  "goals":
  [{"name": "mpr.left",
    "hypotheses":
    [{"type": "Prop",
      "names": ["p", "q", "r"],
      "body": "",
      "_type": "hypothesis"},
     {"type": "p ∧ q ∨ p ∧ r",
      "names": ["h"],
      "body": "",
      "_type": "hypothesis"}],
    "conclusion": "p ∧ q → p ∧ (q ∨ r)",
    "_type": "goal"},
   {"name": "mpr.right",
    "hypotheses":
    [{"type": "Prop",
      "names": ["p", "q", "r"],
      "body": "",
      "_type": "hypothesis"},
     {"type": "p ∧ q ∨ p ∧ r",
      "names": ["h"],
      "body": "",
      "_type": "hypothesis"}],
    "conclusion": "p ∧ r → p ∧ (q ∨ r)",
    "_type": "goal"}],
  "contents": "apply Or.elim h",
  "_type": "sentence"},
 {"messages": [],
  "goals":
  [{"name": "mpr",
    "hypotheses":
    [{"type": "Prop",
      "names": ["p", "q", "r"],
      "body": "",
      "_type": "hypothesis"}],
    "conclusion": "p ∧ q ∨ p ∧ r → p ∧ (q ∨ r)",
    "_type": "goal"}],
  "contents": "\n    ",
  "_type": "sentence"},
 {"messages": [],
  "goals":
  [{"name": "mpr.left",
    "hypotheses":
    [{"type": "Prop",
      "names": ["p", "q", "r"],
      "body": "",
      "_type": "hypothesis"},
     {"type": "p ∧ q ∨ p ∧ r",
      "names": ["h"],
      "body": "",
      "_type": "hypothesis"}],
    "conclusion": "p ∧ q → p ∧ (q ∨ r)",
    "_type": "goal"}],
  "contents": ".",
  "_type": "sentence"},
 {"messages": [],
  "goals":
  [{"name": "mpr.left",
    "hypotheses":
    [{"type": "Prop",
      "names": ["p", "q", "r"],
      "body": "",
      "_type": "hypothesis"},
     {"type": "p ∧ q ∨ p ∧ r",
      "names": ["h"],
      "body": "",
      "_type": "hypothesis"}],
    "conclusion": "p ∧ q → p ∧ (q ∨ r)",
    "_type": "goal"},
   {"name": "mpr.right",
    "hypotheses":
    [{"type": "Prop",
      "names": ["p", "q", "r"],
      "body": "",
      "_type": "hypothesis"},
     {"type": "p ∧ q ∨ p ∧ r",
      "names": ["h"],
      "body": "",
      "_type": "hypothesis"}],
    "conclusion": "p ∧ r → p ∧ (q ∨ r)",
    "_type": "goal"}],
  "contents": " ",
  "_type": "sentence"},
 {"messages": [],
  "goals":
  [{"name": "mpr.left",
    "hypotheses":
    [{"type": "Prop",
      "names": ["p", "q", "r"],
      "body": "",
      "_type": "hypothesis"},
     {"type": "p ∧ q ∨ p ∧ r",
      "names": ["h"],
      "body": "",
      "_type": "hypothesis"},
     {"type": "p ∧ q", "names": ["hpq"], "body": "", "_type": "hypothesis"}],
    "conclusion": "p ∧ (q ∨ r)",
    "_type": "goal"}],
  "contents": "intro hpq",
  "_type": "sentence"},
 {"messages": [],
  "goals":
  [{"name": "mpr.left",
    "hypotheses":
    [{"type": "Prop",
      "names": ["p", "q", "r"],
      "body": "",
      "_type": "hypothesis"},
     {"type": "p ∧ q ∨ p ∧ r",
      "names": ["h"],
      "body": "",
      "_type": "hypothesis"}],
    "conclusion": "p ∧ q → p ∧ (q ∨ r)",
    "_type": "goal"},
   {"name": "mpr.right",
    "hypotheses":
    [{"type": "Prop",
      "names": ["p", "q", "r"],
      "body": "",
      "_type": "hypothesis"},
     {"type": "p ∧ q ∨ p ∧ r",
      "names": ["h"],
      "body": "",
      "_type": "hypothesis"}],
    "conclusion": "p ∧ r → p ∧ (q ∨ r)",
    "_type": "goal"}],
  "contents": "\n      ",
  "_type": "sentence"},
 {"messages": [],
  "goals":
  [{"name": "mpr.left.left",
    "hypotheses":
    [{"type": "Prop",
      "names": ["p", "q", "r"],
      "body": "",
      "_type": "hypothesis"},
     {"type": "p ∧ q ∨ p ∧ r",
      "names": ["h"],
      "body": "",
      "_type": "hypothesis"},
     {"type": "p ∧ q", "names": ["hpq"], "body": "", "_type": "hypothesis"}],
    "conclusion": "p",
    "_type": "goal"},
   {"name": "mpr.left.right",
    "hypotheses":
    [{"type": "Prop",
      "names": ["p", "q", "r"],
      "body": "",
      "_type": "hypothesis"},
     {"type": "p ∧ q ∨ p ∧ r",
      "names": ["h"],
      "body": "",
      "_type": "hypothesis"},
     {"type": "p ∧ q", "names": ["hpq"], "body": "", "_type": "hypothesis"}],
    "conclusion": "q ∨ r",
    "_type": "goal"}],
  "contents": "apply And.intro",
  "_type": "sentence"},
 {"messages": [],
  "goals":
  [{"name": "mpr.left",
    "hypotheses":
    [{"type": "Prop",
      "names": ["p", "q", "r"],
      "body": "",
      "_type": "hypothesis"},
     {"type": "p ∧ q ∨ p ∧ r",
      "names": ["h"],
      "body": "",
      "_type": "hypothesis"}],
    "conclusion": "p ∧ q → p ∧ (q ∨ r)",
    "_type": "goal"},
   {"name": "mpr.right",
    "hypotheses":
    [{"type": "Prop",
      "names": ["p", "q", "r"],
      "body": "",
      "_type": "hypothesis"},
     {"type": "p ∧ q ∨ p ∧ r",
      "names": ["h"],
      "body": "",
      "_type": "hypothesis"}],
    "conclusion": "p ∧ r → p ∧ (q ∨ r)",
    "_type": "goal"}],
  "contents": "\n      ",
  "_type": "sentence"},
 {"messages": [],
  "goals":
  [{"name": "mpr.left.left",
    "hypotheses":
    [{"type": "Prop",
      "names": ["p", "q", "r"],
      "body": "",
      "_type": "hypothesis"},
     {"type": "p ∧ q ∨ p ∧ r",
      "names": ["h"],
      "body": "",
      "_type": "hypothesis"},
     {"type": "p ∧ q", "names": ["hpq"], "body": "", "_type": "hypothesis"}],
    "conclusion": "p",
    "_type": "goal"}],
  "contents": ".",
  "_type": "sentence"},
 {"messages": [],
  "goals":
  [{"name": "mpr.left.left",
    "hypotheses":
    [{"type": "Prop",
      "names": ["p", "q", "r"],
      "body": "",
      "_type": "hypothesis"},
     {"type": "p ∧ q ∨ p ∧ r",
      "names": ["h"],
      "body": "",
      "_type": "hypothesis"},
     {"type": "p ∧ q", "names": ["hpq"], "body": "", "_type": "hypothesis"}],
    "conclusion": "p",
    "_type": "goal"},
   {"name": "mpr.left.right",
    "hypotheses":
    [{"type": "Prop",
      "names": ["p", "q", "r"],
      "body": "",
      "_type": "hypothesis"},
     {"type": "p ∧ q ∨ p ∧ r",
      "names": ["h"],
      "body": "",
      "_type": "hypothesis"},
     {"type": "p ∧ q", "names": ["hpq"], "body": "", "_type": "hypothesis"}],
    "conclusion": "q ∨ r",
    "_type": "goal"}],
  "contents": " ",
  "_type": "sentence"},
 {"messages": [],
  "goals": [{"name": "", "hypotheses": [], "conclusion": "🐙", "_type": "goal"}],
  "contents": "exact And.left hpq",
  "_type": "sentence"},
 {"messages": [],
  "goals":
  [{"name": "mpr.left",
    "hypotheses":
    [{"type": "Prop",
      "names": ["p", "q", "r"],
      "body": "",
      "_type": "hypothesis"},
     {"type": "p ∧ q ∨ p ∧ r",
      "names": ["h"],
      "body": "",
      "_type": "hypothesis"}],
    "conclusion": "p ∧ q → p ∧ (q ∨ r)",
    "_type": "goal"},
   {"name": "mpr.right",
    "hypotheses":
    [{"type": "Prop",
      "names": ["p", "q", "r"],
      "body": "",
      "_type": "hypothesis"},
     {"type": "p ∧ q ∨ p ∧ r",
      "names": ["h"],
      "body": "",
      "_type": "hypothesis"}],
    "conclusion": "p ∧ r → p ∧ (q ∨ r)",
    "_type": "goal"}],
  "contents": "\n      ",
  "_type": "sentence"},
 {"messages": [],
  "goals":
  [{"name": "mpr.left.right",
    "hypotheses":
    [{"type": "Prop",
      "names": ["p", "q", "r"],
      "body": "",
      "_type": "hypothesis"},
     {"type": "p ∧ q ∨ p ∧ r",
      "names": ["h"],
      "body": "",
      "_type": "hypothesis"},
     {"type": "p ∧ q", "names": ["hpq"], "body": "", "_type": "hypothesis"}],
    "conclusion": "q ∨ r",
    "_type": "goal"}],
  "contents": ".",
  "_type": "sentence"},
 {"messages": [],
  "goals":
  [{"name": "mpr.left.right",
    "hypotheses":
    [{"type": "Prop",
      "names": ["p", "q", "r"],
      "body": "",
      "_type": "hypothesis"},
     {"type": "p ∧ q ∨ p ∧ r",
      "names": ["h"],
      "body": "",
      "_type": "hypothesis"},
     {"type": "p ∧ q", "names": ["hpq"], "body": "", "_type": "hypothesis"}],
    "conclusion": "q ∨ r",
    "_type": "goal"}],
  "contents": " ",
  "_type": "sentence"},
 {"messages": [],
  "goals":
  [{"name": "mpr.left.right.h",
    "hypotheses":
    [{"type": "Prop",
      "names": ["p", "q", "r"],
      "body": "",
      "_type": "hypothesis"},
     {"type": "p ∧ q ∨ p ∧ r",
      "names": ["h"],
      "body": "",
      "_type": "hypothesis"},
     {"type": "p ∧ q", "names": ["hpq"], "body": "", "_type": "hypothesis"}],
    "conclusion": "q",
    "_type": "goal"}],
  "contents": "apply Or.inl",
  "_type": "sentence"},
 {"messages": [],
  "goals":
  [{"name": "mpr.left.right",
    "hypotheses":
    [{"type": "Prop",
      "names": ["p", "q", "r"],
      "body": "",
      "_type": "hypothesis"},
     {"type": "p ∧ q ∨ p ∧ r",
      "names": ["h"],
      "body": "",
      "_type": "hypothesis"},
     {"type": "p ∧ q", "names": ["hpq"], "body": "", "_type": "hypothesis"}],
    "conclusion": "q ∨ r",
    "_type": "goal"}],
  "contents": "\n        ",
  "_type": "sentence"},
 {"messages": [],
  "goals": [{"name": "", "hypotheses": [], "conclusion": "🐙", "_type": "goal"}],
  "contents": "exact And.right hpq",
  "_type": "sentence"},
 {"messages": [],
  "goals":
  [{"name": "mpr",
    "hypotheses":
    [{"type": "Prop",
      "names": ["p", "q", "r"],
      "body": "",
      "_type": "hypothesis"}],
    "conclusion": "p ∧ q ∨ p ∧ r → p ∧ (q ∨ r)",
    "_type": "goal"}],
  "contents": "\n    ",
  "_type": "sentence"},
 {"messages": [],
  "goals":
  [{"name": "mpr.right",
    "hypotheses":
    [{"type": "Prop",
      "names": ["p", "q", "r"],
      "body": "",
      "_type": "hypothesis"},
     {"type": "p ∧ q ∨ p ∧ r",
      "names": ["h"],
      "body": "",
      "_type": "hypothesis"}],
    "conclusion": "p ∧ r → p ∧ (q ∨ r)",
    "_type": "goal"}],
  "contents": ".",
  "_type": "sentence"},
 {"messages": [],
  "goals":
  [{"name": "mpr.right",
    "hypotheses":
    [{"type": "Prop",
      "names": ["p", "q", "r"],
      "body": "",
      "_type": "hypothesis"},
     {"type": "p ∧ q ∨ p ∧ r",
      "names": ["h"],
      "body": "",
      "_type": "hypothesis"}],
    "conclusion": "p ∧ r → p ∧ (q ∨ r)",
    "_type": "goal"}],
  "contents": " ",
  "_type": "sentence"},
 {"messages": [],
  "goals":
  [{"name": "mpr.right",
    "hypotheses":
    [{"type": "Prop",
      "names": ["p", "q", "r"],
      "body": "",
      "_type": "hypothesis"},
     {"type": "p ∧ q ∨ p ∧ r",
      "names": ["h"],
      "body": "",
      "_type": "hypothesis"},
     {"type": "p ∧ r", "names": ["hpr"], "body": "", "_type": "hypothesis"}],
    "conclusion": "p ∧ (q ∨ r)",
    "_type": "goal"}],
  "contents": "intro hpr",
  "_type": "sentence"},
 {"messages": [],
  "goals":
  [{"name": "mpr.right",
    "hypotheses":
    [{"type": "Prop",
      "names": ["p", "q", "r"],
      "body": "",
      "_type": "hypothesis"},
     {"type": "p ∧ q ∨ p ∧ r",
      "names": ["h"],
      "body": "",
      "_type": "hypothesis"}],
    "conclusion": "p ∧ r → p ∧ (q ∨ r)",
    "_type": "goal"}],
  "contents": "\n      ",
  "_type": "sentence"},
 {"messages": [],
  "goals":
  [{"name": "mpr.right.left",
    "hypotheses":
    [{"type": "Prop",
      "names": ["p", "q", "r"],
      "body": "",
      "_type": "hypothesis"},
     {"type": "p ∧ q ∨ p ∧ r",
      "names": ["h"],
      "body": "",
      "_type": "hypothesis"},
     {"type": "p ∧ r", "names": ["hpr"], "body": "", "_type": "hypothesis"}],
    "conclusion": "p",
    "_type": "goal"},
   {"name": "mpr.right.right",
    "hypotheses":
    [{"type": "Prop",
      "names": ["p", "q", "r"],
      "body": "",
      "_type": "hypothesis"},
     {"type": "p ∧ q ∨ p ∧ r",
      "names": ["h"],
      "body": "",
      "_type": "hypothesis"},
     {"type": "p ∧ r", "names": ["hpr"], "body": "", "_type": "hypothesis"}],
    "conclusion": "q ∨ r",
    "_type": "goal"}],
  "contents": "apply And.intro",
  "_type": "sentence"},
 {"messages": [],
  "goals":
  [{"name": "mpr.right",
    "hypotheses":
    [{"type": "Prop",
      "names": ["p", "q", "r"],
      "body": "",
      "_type": "hypothesis"},
     {"type": "p ∧ q ∨ p ∧ r",
      "names": ["h"],
      "body": "",
      "_type": "hypothesis"}],
    "conclusion": "p ∧ r → p ∧ (q ∨ r)",
    "_type": "goal"}],
  "contents": "\n      ",
  "_type": "sentence"},
 {"messages": [],
  "goals":
  [{"name": "mpr.right.left",
    "hypotheses":
    [{"type": "Prop",
      "names": ["p", "q", "r"],
      "body": "",
      "_type": "hypothesis"},
     {"type": "p ∧ q ∨ p ∧ r",
      "names": ["h"],
      "body": "",
      "_type": "hypothesis"},
     {"type": "p ∧ r", "names": ["hpr"], "body": "", "_type": "hypothesis"}],
    "conclusion": "p",
    "_type": "goal"}],
  "contents": ".",
  "_type": "sentence"},
 {"messages": [],
  "goals":
  [{"name": "mpr.right.left",
    "hypotheses":
    [{"type": "Prop",
      "names": ["p", "q", "r"],
      "body": "",
      "_type": "hypothesis"},
     {"type": "p ∧ q ∨ p ∧ r",
      "names": ["h"],
      "body": "",
      "_type": "hypothesis"},
     {"type": "p ∧ r", "names": ["hpr"], "body": "", "_type": "hypothesis"}],
    "conclusion": "p",
    "_type": "goal"},
   {"name": "mpr.right.right",
    "hypotheses":
    [{"type": "Prop",
      "names": ["p", "q", "r"],
      "body": "",
      "_type": "hypothesis"},
     {"type": "p ∧ q ∨ p ∧ r",
      "names": ["h"],
      "body": "",
      "_type": "hypothesis"},
     {"type": "p ∧ r", "names": ["hpr"], "body": "", "_type": "hypothesis"}],
    "conclusion": "q ∨ r",
    "_type": "goal"}],
  "contents": " ",
  "_type": "sentence"},
 {"messages": [],
  "goals": [{"name": "", "hypotheses": [], "conclusion": "🐙", "_type": "goal"}],
  "contents": "exact And.left hpr",
  "_type": "sentence"},
 {"messages": [],
  "goals":
  [{"name": "mpr.right",
    "hypotheses":
    [{"type": "Prop",
      "names": ["p", "q", "r"],
      "body": "",
      "_type": "hypothesis"},
     {"type": "p ∧ q ∨ p ∧ r",
      "names": ["h"],
      "body": "",
      "_type": "hypothesis"}],
    "conclusion": "p ∧ r → p ∧ (q ∨ r)",
    "_type": "goal"}],
  "contents": "\n      ",
  "_type": "sentence"},
 {"messages": [],
  "goals":
  [{"name": "mpr.right.right",
    "hypotheses":
    [{"type": "Prop",
      "names": ["p", "q", "r"],
      "body": "",
      "_type": "hypothesis"},
     {"type": "p ∧ q ∨ p ∧ r",
      "names": ["h"],
      "body": "",
      "_type": "hypothesis"},
     {"type": "p ∧ r", "names": ["hpr"], "body": "", "_type": "hypothesis"}],
    "conclusion": "q ∨ r",
    "_type": "goal"}],
  "contents": ".",
  "_type": "sentence"},
 {"messages": [],
  "goals":
  [{"name": "mpr.right.right",
    "hypotheses":
    [{"type": "Prop",
      "names": ["p", "q", "r"],
      "body": "",
      "_type": "hypothesis"},
     {"type": "p ∧ q ∨ p ∧ r",
      "names": ["h"],
      "body": "",
      "_type": "hypothesis"},
     {"type": "p ∧ r", "names": ["hpr"], "body": "", "_type": "hypothesis"}],
    "conclusion": "q ∨ r",
    "_type": "goal"}],
  "contents": " ",
  "_type": "sentence"},
 {"messages": [],
  "goals":
  [{"name": "mpr.right.right.h",
    "hypotheses":
    [{"type": "Prop",
      "names": ["p", "q", "r"],
      "body": "",
      "_type": "hypothesis"},
     {"type": "p ∧ q ∨ p ∧ r",
      "names": ["h"],
      "body": "",
      "_type": "hypothesis"},
     {"type": "p ∧ r", "names": ["hpr"], "body": "", "_type": "hypothesis"}],
    "conclusion": "r",
    "_type": "goal"}],
  "contents": "apply Or.inr",
  "_type": "sentence"},
 {"messages": [],
  "goals":
  [{"name": "mpr.right.right",
    "hypotheses":
    [{"type": "Prop",
      "names": ["p", "q", "r"],
      "body": "",
      "_type": "hypothesis"},
     {"type": "p ∧ q ∨ p ∧ r",
      "names": ["h"],
      "body": "",
      "_type": "hypothesis"},
     {"type": "p ∧ r", "names": ["hpr"], "body": "", "_type": "hypothesis"}],
    "conclusion": "q ∨ r",
    "_type": "goal"}],
  "contents": "\n        ",
  "_type": "sentence"},
 {"messages": [],
  "goals": [{"name": "", "hypotheses": [], "conclusion": "🐙", "_type": "goal"}],
  "contents": "exact And.right hpr",
  "_type": "sentence"},
 {"contents": "", "_type": "text"}]