[{"contents":
  [{"typeinfo": null,
    "semanticType": null,
    "raw": "import Mathlib.Tactic.Basic\n\n",
    "link": null,
    "docstring": null,
    "_type": "token"},
   {"typeinfo":
    {"type": "∀ (a b : Nat), a = b → b = a",
     "name": "example",
     "_type": "typeinfo"},
    "semanticType": "Keyword",
    "raw": "example",
    "link": null,
    "docstring": null,
    "_type": "token"},
   {"typeinfo": null,
    "semanticType": null,
    "raw": " : ∀ ",
    "link": null,
    "docstring": null,
    "_type": "token"},
   {"typeinfo": {"type": "Nat", "name": "a", "_type": "typeinfo"},
    "semanticType": "Name.Variable",
    "raw": "a",
    "link": null,
    "docstring": null,
    "_type": "token"},
   {"typeinfo": null,
    "semanticType": null,
    "raw": " ",
    "link": null,
    "docstring": null,
    "_type": "token"},
   {"typeinfo": {"type": "Nat", "name": "b", "_type": "typeinfo"},
    "semanticType": "Name.Variable",
    "raw": "b",
    "link": null,
    "docstring": null,
    "_type": "token"},
   {"typeinfo": null,
    "semanticType": null,
    "raw": " : ",
    "link": null,
    "docstring": null,
    "_type": "token"},
   {"typeinfo": {"type": "Type", "name": "Nat", "_type": "typeinfo"},
    "semanticType": null,
    "raw": "Nat",
    "link": null,
    "docstring": null,
    "_type": "token"},
   {"typeinfo": null,
    "semanticType": null,
    "raw": ", ",
    "link": null,
    "docstring": null,
    "_type": "token"},
   {"typeinfo": {"type": "Nat", "name": "a", "_type": "typeinfo"},
    "semanticType": "Name.Variable",
    "raw": "a",
    "link": null,
    "docstring": null,
    "_type": "token"},
   {"typeinfo": null,
    "semanticType": null,
    "raw": " = ",
    "link": null,
    "docstring": null,
    "_type": "token"},
   {"typeinfo": {"type": "Nat", "name": "b", "_type": "typeinfo"},
    "semanticType": "Name.Variable",
    "raw": "b",
    "link": null,
    "docstring": null,
    "_type": "token"},
   {"typeinfo": null,
    "semanticType": null,
    "raw": " → ",
    "link": null,
    "docstring": null,
    "_type": "token"},
   {"typeinfo": {"type": "Nat", "name": "b", "_type": "typeinfo"},
    "semanticType": "Name.Variable",
    "raw": "b",
    "link": null,
    "docstring": null,
    "_type": "token"},
   {"typeinfo": null,
    "semanticType": null,
    "raw": " = ",
    "link": null,
    "docstring": null,
    "_type": "token"},
   {"typeinfo": {"type": "Nat", "name": "a", "_type": "typeinfo"},
    "semanticType": "Name.Variable",
    "raw": "a",
    "link": null,
    "docstring": null,
    "_type": "token"},
   {"typeinfo": null,
    "semanticType": null,
    "raw": " := ",
    "link": null,
    "docstring": null,
    "_type": "token"}],
  "_type": "text"},
 {"messages": [],
  "goals":
  [{"name": "",
    "hypotheses": [],
    "conclusion": "∀ (a b : Nat), a = b → b = a",
    "_type": "goal"}],
  "contents":
  [{"typeinfo": null,
    "semanticType": "Keyword",
    "raw": "by",
    "link": null,
    "docstring": null,
    "_type": "token"},
   {"typeinfo": null,
    "semanticType": null,
    "raw": "\n  ",
    "link": null,
    "docstring": null,
    "_type": "token"}],
  "_type": "sentence"},
 {"messages": [],
  "goals":
  [{"name": "",
    "hypotheses":
    [{"type": "Nat", "names": ["a", "b"], "body": "", "_type": "hypothesis"},
     {"type": "a = b", "names": ["h"], "body": "", "_type": "hypothesis"}],
    "conclusion": "b = a",
    "_type": "goal"}],
  "contents":
  [{"typeinfo": null,
    "semanticType": "Keyword",
    "raw": "introv",
    "link": null,
    "docstring":
    "The tactic `introv` allows the user to automatically introduce the variables of a theorem and\nexplicitly name the non-dependent hypotheses.\nAny dependent hypotheses are assigned their default names.\n\nExamples:\n```\nexample : ∀ a b : Nat, a = b → b = a := by\n  introv h,\n  exact h.symm\n```\nThe state after `introv h` is\n```\na b : ℕ,\nh : a = b\n⊢ b = a\n```\n\n```\nexample : ∀ a b : Nat, a = b → ∀ c, b = c → a = c := by\n  introv h₁ h₂,\n  exact h₁.trans h₂\n```\nThe state after `introv h₁ h₂` is\n```\na b : ℕ,\nh₁ : a = b,\nc : ℕ,\nh₂ : b = c\n⊢ a = c\n```\n",
    "_type": "token"},
   {"typeinfo": null,
    "semanticType": null,
    "raw": " h",
    "link": null,
    "docstring":
    "The tactic `introv` allows the user to automatically introduce the variables of a theorem and\nexplicitly name the non-dependent hypotheses.\nAny dependent hypotheses are assigned their default names.\n\nExamples:\n```\nexample : ∀ a b : Nat, a = b → b = a := by\n  introv h,\n  exact h.symm\n```\nThe state after `introv h` is\n```\na b : ℕ,\nh : a = b\n⊢ b = a\n```\n\n```\nexample : ∀ a b : Nat, a = b → ∀ c, b = c → a = c := by\n  introv h₁ h₂,\n  exact h₁.trans h₂\n```\nThe state after `introv h₁ h₂` is\n```\na b : ℕ,\nh₁ : a = b,\nc : ℕ,\nh₂ : b = c\n⊢ a = c\n```\n",
    "_type": "token"}],
  "_type": "sentence"},
 {"messages": [],
  "goals":
  [{"name": "",
    "hypotheses": [],
    "conclusion": "∀ (a b : Nat), a = b → b = a",
    "_type": "goal"}],
  "contents":
  [{"typeinfo": null,
    "semanticType": null,
    "raw": "\n  ",
    "link": null,
    "docstring": null,
    "_type": "token"}],
  "_type": "sentence"},
 {"messages": [],
  "goals":
  [{"name": "",
    "hypotheses": [],
    "conclusion": "Goals accomplished! 🐙",
    "_type": "goal"}],
  "contents":
  [{"typeinfo": null,
    "semanticType": "Keyword",
    "raw": "exact",
    "link": null,
    "docstring":
    "`exact e` closes the main goal if its target type matches that of `e`.\n",
    "_type": "token"},
   {"typeinfo": null,
    "semanticType": null,
    "raw": " ",
    "link": null,
    "docstring":
    "`exact e` closes the main goal if its target type matches that of `e`.\n",
    "_type": "token"},
   {"typeinfo": {"type": "a = b", "name": "h", "_type": "typeinfo"},
    "semanticType": "Name.Variable",
    "raw": "h",
    "link": null,
    "docstring": null,
    "_type": "token"},
   {"typeinfo": null,
    "semanticType": null,
    "raw": ".",
    "link": null,
    "docstring":
    "`exact e` closes the main goal if its target type matches that of `e`.\n",
    "_type": "token"},
   {"typeinfo":
    {"type": "∀ {α : Type} {a b : α}, a = b → b = a",
     "name": "symm",
     "_type": "typeinfo"},
    "semanticType": null,
    "raw": "symm",
    "link": null,
    "docstring": null,
    "_type": "token"}],
  "_type": "sentence"},
 {"contents":
  [{"typeinfo": null,
    "semanticType": null,
    "raw": "\n\n",
    "link": null,
    "docstring": null,
    "_type": "token"},
   {"typeinfo":
    {"type": "∀ (n : Nat), n = n", "name": "example", "_type": "typeinfo"},
    "semanticType": "Keyword",
    "raw": "example",
    "link": null,
    "docstring": null,
    "_type": "token"},
   {"typeinfo": null,
    "semanticType": null,
    "raw": " (",
    "link": null,
    "docstring": null,
    "_type": "token"},
   {"typeinfo": {"type": "Nat", "name": "n", "_type": "typeinfo"},
    "semanticType": "Name.Variable",
    "raw": "n",
    "link": null,
    "docstring": null,
    "_type": "token"},
   {"typeinfo": null,
    "semanticType": null,
    "raw": " : ",
    "link": null,
    "docstring": null,
    "_type": "token"},
   {"typeinfo": {"type": "Type", "name": "Nat", "_type": "typeinfo"},
    "semanticType": null,
    "raw": "Nat",
    "link": null,
    "docstring": null,
    "_type": "token"},
   {"typeinfo": null,
    "semanticType": null,
    "raw": ") : ",
    "link": null,
    "docstring": null,
    "_type": "token"},
   {"typeinfo": {"type": "Nat", "name": "n", "_type": "typeinfo"},
    "semanticType": "Name.Variable",
    "raw": "n",
    "link": null,
    "docstring": null,
    "_type": "token"},
   {"typeinfo": null,
    "semanticType": null,
    "raw": " = ",
    "link": null,
    "docstring": null,
    "_type": "token"},
   {"typeinfo": {"type": "Nat", "name": "n", "_type": "typeinfo"},
    "semanticType": "Name.Variable",
    "raw": "n",
    "link": null,
    "docstring": null,
    "_type": "token"},
   {"typeinfo": null,
    "semanticType": null,
    "raw": " := ",
    "link": null,
    "docstring": null,
    "_type": "token"}],
  "_type": "text"},
 {"messages": [],
  "goals":
  [{"name": "",
    "hypotheses":
    [{"type": "Nat", "names": ["n"], "body": "", "_type": "hypothesis"}],
    "conclusion": "n = n",
    "_type": "goal"}],
  "contents":
  [{"typeinfo": null,
    "semanticType": "Keyword",
    "raw": "by",
    "link": null,
    "docstring": null,
    "_type": "token"},
   {"typeinfo": null,
    "semanticType": null,
    "raw": "\n  ",
    "link": null,
    "docstring": null,
    "_type": "token"}],
  "_type": "sentence"},
 {"messages": [],
  "goals":
  [{"name": "zero",
    "hypotheses": [],
    "conclusion": "Nat.zero = Nat.zero",
    "_type": "goal"},
   {"name": "succ",
    "hypotheses":
    [{"type": "Nat", "names": ["n✝"], "body": "", "_type": "hypothesis"}],
    "conclusion": "Nat.succ n✝ = Nat.succ n✝",
    "_type": "goal"}],
  "contents":
  [{"typeinfo": null,
    "semanticType": "Keyword",
    "raw": "induction",
    "link": null,
    "docstring": null,
    "_type": "token"},
   {"typeinfo": null,
    "semanticType": null,
    "raw": " ",
    "link": null,
    "docstring": null,
    "_type": "token"},
   {"typeinfo": {"type": "Nat", "name": "n", "_type": "typeinfo"},
    "semanticType": "Name.Variable",
    "raw": "n",
    "link": null,
    "docstring": null,
    "_type": "token"}],
  "_type": "sentence"},
 {"messages": [],
  "goals":
  [{"name": "",
    "hypotheses":
    [{"type": "Nat", "names": ["n"], "body": "", "_type": "hypothesis"}],
    "conclusion": "n = n",
    "_type": "goal"}],
  "contents":
  [{"typeinfo": null,
    "semanticType": null,
    "raw": "\n  ",
    "link": null,
    "docstring": null,
    "_type": "token"}],
  "_type": "sentence"},
 {"messages": [],
  "goals":
  [{"name": "",
    "hypotheses": [],
    "conclusion": "Goals accomplished! 🐙",
    "_type": "goal"}],
  "contents":
  [{"typeinfo": null,
    "semanticType": "Keyword",
    "raw": "exacts",
    "link": null,
    "docstring":
    "Like `exact`, but takes a list of terms and checks that all goals are discharged after the tactic.\n",
    "_type": "token"},
   {"typeinfo": null,
    "semanticType": null,
    "raw": " [",
    "link": null,
    "docstring":
    "Like `exact`, but takes a list of terms and checks that all goals are discharged after the tactic.\n",
    "_type": "token"},
   {"typeinfo":
    {"type": "∀ {α : Type} {a : α}, a = a", "name": "rfl", "_type": "typeinfo"},
    "semanticType": null,
    "raw": "rfl",
    "link": null,
    "docstring": null,
    "_type": "token"},
   {"typeinfo": null,
    "semanticType": null,
    "raw": ", ",
    "link": null,
    "docstring":
    "Like `exact`, but takes a list of terms and checks that all goals are discharged after the tactic.\n",
    "_type": "token"},
   {"typeinfo":
    {"type": "∀ {α : Type} {a : α}, a = a", "name": "rfl", "_type": "typeinfo"},
    "semanticType": null,
    "raw": "rfl",
    "link": null,
    "docstring": null,
    "_type": "token"},
   {"typeinfo": null,
    "semanticType": null,
    "raw": "]",
    "link": null,
    "docstring":
    "Like `exact`, but takes a list of terms and checks that all goals are discharged after the tactic.\n",
    "_type": "token"}],
  "_type": "sentence"},
 {"messages": [],
  "goals":
  [{"name": "",
    "hypotheses":
    [{"type": "Nat", "names": ["n"], "body": "", "_type": "hypothesis"}],
    "conclusion": "n = n",
    "_type": "goal"}],
  "contents":
  [{"typeinfo": null,
    "semanticType": null,
    "raw": "\n  ",
    "link": null,
    "docstring": null,
    "_type": "token"}],
  "_type": "sentence"},
 {"messages": [],
  "goals":
  [{"name": "",
    "hypotheses": [],
    "conclusion": "Goals accomplished! 🐙",
    "_type": "goal"}],
  "contents":
  [{"typeinfo": null,
    "semanticType": "Keyword",
    "raw": "exacts",
    "link": null,
    "docstring":
    "Like `exact`, but takes a list of terms and checks that all goals are discharged after the tactic.\n",
    "_type": "token"},
   {"typeinfo": null,
    "semanticType": null,
    "raw": " []",
    "link": null,
    "docstring":
    "Like `exact`, but takes a list of terms and checks that all goals are discharged after the tactic.\n",
    "_type": "token"}],
  "_type": "sentence"},
 {"contents":
  [{"typeinfo": null,
    "semanticType": null,
    "raw": "\n\n",
    "link": null,
    "docstring": null,
    "_type": "token"},
   {"typeinfo": {"type": "Nat → Nat", "name": "example", "_type": "typeinfo"},
    "semanticType": "Keyword",
    "raw": "example",
    "link": null,
    "docstring": null,
    "_type": "token"},
   {"typeinfo": null,
    "semanticType": null,
    "raw": " (",
    "link": null,
    "docstring": null,
    "_type": "token"},
   {"typeinfo": {"type": "Nat", "name": "n", "_type": "typeinfo"},
    "semanticType": "Name.Variable",
    "raw": "n",
    "link": null,
    "docstring": null,
    "_type": "token"},
   {"typeinfo": null,
    "semanticType": null,
    "raw": " : ",
    "link": null,
    "docstring": null,
    "_type": "token"},
   {"typeinfo": {"type": "Type", "name": "Nat", "_type": "typeinfo"},
    "semanticType": null,
    "raw": "Nat",
    "link": null,
    "docstring": null,
    "_type": "token"},
   {"typeinfo": null,
    "semanticType": null,
    "raw": ") : ",
    "link": null,
    "docstring": null,
    "_type": "token"},
   {"typeinfo": {"type": "Type", "name": "Nat", "_type": "typeinfo"},
    "semanticType": null,
    "raw": "Nat",
    "link": null,
    "docstring": null,
    "_type": "token"},
   {"typeinfo": null,
    "semanticType": null,
    "raw": " := ",
    "link": null,
    "docstring": null,
    "_type": "token"}],
  "_type": "text"},
 {"messages": [],
  "goals":
  [{"name": "",
    "hypotheses":
    [{"type": "Nat", "names": ["n"], "body": "", "_type": "hypothesis"}],
    "conclusion": "Nat",
    "_type": "goal"}],
  "contents":
  [{"typeinfo": null,
    "semanticType": "Keyword",
    "raw": "by",
    "link": null,
    "docstring": null,
    "_type": "token"},
   {"typeinfo": null,
    "semanticType": null,
    "raw": "\n  ",
    "link": null,
    "docstring": null,
    "_type": "token"}],
  "_type": "sentence"},
 {"messages": [],
  "goals":
  [{"name": "",
    "hypotheses":
    [{"type": "Nat", "names": ["n"], "body": "", "_type": "hypothesis"}],
    "conclusion": "Nat",
    "_type": "goal"}],
  "contents":
  [{"typeinfo": null,
    "semanticType": "Keyword",
    "raw": "guard_hyp",
    "link": null,
    "docstring":
    "Check that a named hypothesis has a given type and/or value.\n\n`guardHyp h : t` checks the type up to syntactic equality,\nwhile `guardHyp h :ₐ t` checks the type up to alpha equality.\n`guardHyp h := v` checks value up to syntactic equality,\nwhile `guardHyp h :=ₐ v` checks the value up to alpha equality. ",
    "_type": "token"},
   {"typeinfo": null,
    "semanticType": null,
    "raw": " ",
    "link": null,
    "docstring":
    "Check that a named hypothesis has a given type and/or value.\n\n`guardHyp h : t` checks the type up to syntactic equality,\nwhile `guardHyp h :ₐ t` checks the type up to alpha equality.\n`guardHyp h := v` checks value up to syntactic equality,\nwhile `guardHyp h :=ₐ v` checks the value up to alpha equality. ",
    "_type": "token"},
   {"typeinfo": {"type": "Nat", "name": "n", "_type": "typeinfo"},
    "semanticType": "Name.Variable",
    "raw": "n",
    "link": null,
    "docstring": null,
    "_type": "token"},
   {"typeinfo": null,
    "semanticType": null,
    "raw": " : ",
    "link": null,
    "docstring":
    "Check that a named hypothesis has a given type and/or value.\n\n`guardHyp h : t` checks the type up to syntactic equality,\nwhile `guardHyp h :ₐ t` checks the type up to alpha equality.\n`guardHyp h := v` checks value up to syntactic equality,\nwhile `guardHyp h :=ₐ v` checks the value up to alpha equality. ",
    "_type": "token"},
   {"typeinfo": {"type": "Type", "name": "Nat", "_type": "typeinfo"},
    "semanticType": null,
    "raw": "Nat",
    "link": null,
    "docstring": null,
    "_type": "token"}],
  "_type": "sentence"},
 {"messages": [],
  "goals":
  [{"name": "",
    "hypotheses":
    [{"type": "Nat", "names": ["n"], "body": "", "_type": "hypothesis"}],
    "conclusion": "Nat",
    "_type": "goal"}],
  "contents":
  [{"typeinfo": null,
    "semanticType": null,
    "raw": "\n  ",
    "link": null,
    "docstring": null,
    "_type": "token"}],
  "_type": "sentence"},
 {"messages": [],
  "goals":
  [{"name": "",
    "hypotheses":
    [{"type": "Nat", "names": ["n"], "body": "", "_type": "hypothesis"},
     {"type": "Nat", "names": ["m"], "body": "1", "_type": "hypothesis"}],
    "conclusion": "Nat",
    "_type": "goal"}],
  "contents":
  [{"typeinfo": null,
    "semanticType": "Keyword",
    "raw": "let",
    "link": null,
    "docstring": null,
    "_type": "token"},
   {"typeinfo": null,
    "semanticType": null,
    "raw": " ",
    "link": null,
    "docstring": null,
    "_type": "token"},
   {"typeinfo": {"type": "Nat", "name": "m", "_type": "typeinfo"},
    "semanticType": "Name.Variable",
    "raw": "m",
    "link": null,
    "docstring": null,
    "_type": "token"},
   {"typeinfo": null,
    "semanticType": null,
    "raw": " : ",
    "link": null,
    "docstring": null,
    "_type": "token"},
   {"typeinfo": {"type": "Type", "name": "Nat", "_type": "typeinfo"},
    "semanticType": null,
    "raw": "Nat",
    "link": null,
    "docstring": null,
    "_type": "token"},
   {"typeinfo": null,
    "semanticType": null,
    "raw": " := ",
    "link": null,
    "docstring": null,
    "_type": "token"},
   {"typeinfo": {"type": "Nat", "name": "1", "_type": "typeinfo"},
    "semanticType": null,
    "raw": "1",
    "link": null,
    "docstring": null,
    "_type": "token"}],
  "_type": "sentence"},
 {"messages": [],
  "goals":
  [{"name": "",
    "hypotheses":
    [{"type": "Nat", "names": ["n"], "body": "", "_type": "hypothesis"}],
    "conclusion": "Nat",
    "_type": "goal"}],
  "contents":
  [{"typeinfo": null,
    "semanticType": null,
    "raw": "\n  ",
    "link": null,
    "docstring": null,
    "_type": "token"}],
  "_type": "sentence"},
 {"messages": [],
  "goals":
  [{"name": "",
    "hypotheses":
    [{"type": "Nat", "names": ["n"], "body": "", "_type": "hypothesis"},
     {"type": "Nat", "names": ["m"], "body": "1", "_type": "hypothesis"}],
    "conclusion": "Nat",
    "_type": "goal"}],
  "contents":
  [{"typeinfo": null,
    "semanticType": "Keyword",
    "raw": "guard_hyp",
    "link": null,
    "docstring":
    "Check that a named hypothesis has a given type and/or value.\n\n`guardHyp h : t` checks the type up to syntactic equality,\nwhile `guardHyp h :ₐ t` checks the type up to alpha equality.\n`guardHyp h := v` checks value up to syntactic equality,\nwhile `guardHyp h :=ₐ v` checks the value up to alpha equality. ",
    "_type": "token"},
   {"typeinfo": null,
    "semanticType": null,
    "raw": " ",
    "link": null,
    "docstring":
    "Check that a named hypothesis has a given type and/or value.\n\n`guardHyp h : t` checks the type up to syntactic equality,\nwhile `guardHyp h :ₐ t` checks the type up to alpha equality.\n`guardHyp h := v` checks value up to syntactic equality,\nwhile `guardHyp h :=ₐ v` checks the value up to alpha equality. ",
    "_type": "token"},
   {"typeinfo": {"type": "Nat", "name": "m", "_type": "typeinfo"},
    "semanticType": "Name.Variable",
    "raw": "m",
    "link": null,
    "docstring": null,
    "_type": "token"},
   {"typeinfo": null,
    "semanticType": null,
    "raw": " := ",
    "link": null,
    "docstring":
    "Check that a named hypothesis has a given type and/or value.\n\n`guardHyp h : t` checks the type up to syntactic equality,\nwhile `guardHyp h :ₐ t` checks the type up to alpha equality.\n`guardHyp h := v` checks value up to syntactic equality,\nwhile `guardHyp h :=ₐ v` checks the value up to alpha equality. ",
    "_type": "token"},
   {"typeinfo": {"type": "Nat", "name": "1", "_type": "typeinfo"},
    "semanticType": null,
    "raw": "1",
    "link": null,
    "docstring": null,
    "_type": "token"}],
  "_type": "sentence"},
 {"messages": [],
  "goals":
  [{"name": "",
    "hypotheses":
    [{"type": "Nat", "names": ["n"], "body": "", "_type": "hypothesis"}],
    "conclusion": "Nat",
    "_type": "goal"}],
  "contents":
  [{"typeinfo": null,
    "semanticType": null,
    "raw": "\n  ",
    "link": null,
    "docstring": null,
    "_type": "token"}],
  "_type": "sentence"},
 {"messages": [],
  "goals":
  [{"name": "",
    "hypotheses":
    [{"type": "Nat", "names": ["n"], "body": "", "_type": "hypothesis"},
     {"type": "Nat", "names": ["m"], "body": "1", "_type": "hypothesis"}],
    "conclusion": "Nat",
    "_type": "goal"}],
  "contents":
  [{"typeinfo": null,
    "semanticType": "Keyword",
    "raw": "guard_hyp",
    "link": null,
    "docstring":
    "Check that a named hypothesis has a given type and/or value.\n\n`guardHyp h : t` checks the type up to syntactic equality,\nwhile `guardHyp h :ₐ t` checks the type up to alpha equality.\n`guardHyp h := v` checks value up to syntactic equality,\nwhile `guardHyp h :=ₐ v` checks the value up to alpha equality. ",
    "_type": "token"},
   {"typeinfo": null,
    "semanticType": null,
    "raw": " ",
    "link": null,
    "docstring":
    "Check that a named hypothesis has a given type and/or value.\n\n`guardHyp h : t` checks the type up to syntactic equality,\nwhile `guardHyp h :ₐ t` checks the type up to alpha equality.\n`guardHyp h := v` checks value up to syntactic equality,\nwhile `guardHyp h :=ₐ v` checks the value up to alpha equality. ",
    "_type": "token"},
   {"typeinfo": {"type": "Nat", "name": "m", "_type": "typeinfo"},
    "semanticType": "Name.Variable",
    "raw": "m",
    "link": null,
    "docstring": null,
    "_type": "token"},
   {"typeinfo": null,
    "semanticType": null,
    "raw": " : ",
    "link": null,
    "docstring":
    "Check that a named hypothesis has a given type and/or value.\n\n`guardHyp h : t` checks the type up to syntactic equality,\nwhile `guardHyp h :ₐ t` checks the type up to alpha equality.\n`guardHyp h := v` checks value up to syntactic equality,\nwhile `guardHyp h :=ₐ v` checks the value up to alpha equality. ",
    "_type": "token"},
   {"typeinfo": {"type": "Type", "name": "Nat", "_type": "typeinfo"},
    "semanticType": null,
    "raw": "Nat",
    "link": null,
    "docstring": null,
    "_type": "token"},
   {"typeinfo": null,
    "semanticType": null,
    "raw": " := ",
    "link": null,
    "docstring":
    "Check that a named hypothesis has a given type and/or value.\n\n`guardHyp h : t` checks the type up to syntactic equality,\nwhile `guardHyp h :ₐ t` checks the type up to alpha equality.\n`guardHyp h := v` checks value up to syntactic equality,\nwhile `guardHyp h :=ₐ v` checks the value up to alpha equality. ",
    "_type": "token"},
   {"typeinfo": {"type": "Nat", "name": "1", "_type": "typeinfo"},
    "semanticType": null,
    "raw": "1",
    "link": null,
    "docstring": null,
    "_type": "token"}],
  "_type": "sentence"},
 {"messages": [],
  "goals":
  [{"name": "",
    "hypotheses":
    [{"type": "Nat", "names": ["n"], "body": "", "_type": "hypothesis"}],
    "conclusion": "Nat",
    "_type": "goal"}],
  "contents":
  [{"typeinfo": null,
    "semanticType": null,
    "raw": "\n  ",
    "link": null,
    "docstring": null,
    "_type": "token"}],
  "_type": "sentence"},
 {"messages": [],
  "goals":
  [{"name": "",
    "hypotheses":
    [{"type": "Nat", "names": ["n"], "body": "", "_type": "hypothesis"},
     {"type": "Nat", "names": ["m"], "body": "1", "_type": "hypothesis"}],
    "conclusion": "Nat",
    "_type": "goal"}],
  "contents":
  [{"typeinfo": null,
    "semanticType": "Keyword",
    "raw": "guard_target",
    "link": null,
    "docstring":
    "Check the target agrees (syntactically) with a given expression.\nSee also `guardTarget` and `guardTarget'` for testing\nup to alpha equality and definitional equality. ",
    "_type": "token"},
   {"typeinfo": null,
    "semanticType": null,
    "raw": " == ",
    "link": null,
    "docstring":
    "Check the target agrees (syntactically) with a given expression.\nSee also `guardTarget` and `guardTarget'` for testing\nup to alpha equality and definitional equality. ",
    "_type": "token"},
   {"typeinfo": {"type": "Type", "name": "Nat", "_type": "typeinfo"},
    "semanticType": null,
    "raw": "Nat",
    "link": null,
    "docstring": null,
    "_type": "token"}],
  "_type": "sentence"},
 {"messages": [],
  "goals":
  [{"name": "",
    "hypotheses":
    [{"type": "Nat", "names": ["n"], "body": "", "_type": "hypothesis"}],
    "conclusion": "Nat",
    "_type": "goal"}],
  "contents":
  [{"typeinfo": null,
    "semanticType": null,
    "raw": "\n  ",
    "link": null,
    "docstring": null,
    "_type": "token"}],
  "_type": "sentence"},
 {"messages": [],
  "goals":
  [{"name": "",
    "hypotheses": [],
    "conclusion": "Goals accomplished! 🐙",
    "_type": "goal"}],
  "contents":
  [{"typeinfo": null,
    "semanticType": "Keyword",
    "raw": "exact",
    "link": null,
    "docstring":
    "`exact e` closes the main goal if its target type matches that of `e`.\n",
    "_type": "token"},
   {"typeinfo": null,
    "semanticType": null,
    "raw": " ",
    "link": null,
    "docstring":
    "`exact e` closes the main goal if its target type matches that of `e`.\n",
    "_type": "token"},
   {"typeinfo": {"type": "Nat", "name": "0", "_type": "typeinfo"},
    "semanticType": null,
    "raw": "0",
    "link": null,
    "docstring": null,
    "_type": "token"}],
  "_type": "sentence"},
 {"contents":
  [{"typeinfo": null,
    "semanticType": null,
    "raw": "\n\n",
    "link": null,
    "docstring": null,
    "_type": "token"},
   {"typeinfo":
    {"type": "∀ (a b : Nat), a ≠ b → ¬a = b",
     "name": "example",
     "_type": "typeinfo"},
    "semanticType": "Keyword",
    "raw": "example",
    "link": null,
    "docstring": null,
    "_type": "token"},
   {"typeinfo": null,
    "semanticType": null,
    "raw": " (",
    "link": null,
    "docstring": null,
    "_type": "token"},
   {"typeinfo": {"type": "Nat", "name": "a", "_type": "typeinfo"},
    "semanticType": "Name.Variable",
    "raw": "a",
    "link": null,
    "docstring": null,
    "_type": "token"},
   {"typeinfo": null,
    "semanticType": null,
    "raw": " ",
    "link": null,
    "docstring": null,
    "_type": "token"},
   {"typeinfo": {"type": "Nat", "name": "b", "_type": "typeinfo"},
    "semanticType": "Name.Variable",
    "raw": "b",
    "link": null,
    "docstring": null,
    "_type": "token"},
   {"typeinfo": null,
    "semanticType": null,
    "raw": " : ",
    "link": null,
    "docstring": null,
    "_type": "token"},
   {"typeinfo": {"type": "Type", "name": "Nat", "_type": "typeinfo"},
    "semanticType": null,
    "raw": "Nat",
    "link": null,
    "docstring": null,
    "_type": "token"},
   {"typeinfo": null,
    "semanticType": null,
    "raw": ") : ",
    "link": null,
    "docstring": null,
    "_type": "token"},
   {"typeinfo": {"type": "Nat", "name": "a", "_type": "typeinfo"},
    "semanticType": "Name.Variable",
    "raw": "a",
    "link": null,
    "docstring": null,
    "_type": "token"},
   {"typeinfo": null,
    "semanticType": null,
    "raw": " ≠ ",
    "link": null,
    "docstring": null,
    "_type": "token"},
   {"typeinfo": {"type": "Nat", "name": "b", "_type": "typeinfo"},
    "semanticType": "Name.Variable",
    "raw": "b",
    "link": null,
    "docstring": null,
    "_type": "token"},
   {"typeinfo": null,
    "semanticType": null,
    "raw": " → ¬ ",
    "link": null,
    "docstring": null,
    "_type": "token"},
   {"typeinfo": {"type": "Nat", "name": "a", "_type": "typeinfo"},
    "semanticType": "Name.Variable",
    "raw": "a",
    "link": null,
    "docstring": null,
    "_type": "token"},
   {"typeinfo": null,
    "semanticType": null,
    "raw": " = ",
    "link": null,
    "docstring": null,
    "_type": "token"},
   {"typeinfo": {"type": "Nat", "name": "b", "_type": "typeinfo"},
    "semanticType": "Name.Variable",
    "raw": "b",
    "link": null,
    "docstring": null,
    "_type": "token"},
   {"typeinfo": null,
    "semanticType": null,
    "raw": " := ",
    "link": null,
    "docstring": null,
    "_type": "token"}],
  "_type": "text"},
 {"messages": [],
  "goals":
  [{"name": "",
    "hypotheses":
    [{"type": "Nat", "names": ["a", "b"], "body": "", "_type": "hypothesis"}],
    "conclusion": "a ≠ b → ¬a = b",
    "_type": "goal"}],
  "contents":
  [{"typeinfo": null,
    "semanticType": "Keyword",
    "raw": "by",
    "link": null,
    "docstring": null,
    "_type": "token"},
   {"typeinfo": null,
    "semanticType": null,
    "raw": "\n  ",
    "link": null,
    "docstring": null,
    "_type": "token"}],
  "_type": "sentence"},
 {"messages": [],
  "goals":
  [{"name": "",
    "hypotheses":
    [{"type": "Nat", "names": ["a", "b"], "body": "", "_type": "hypothesis"}],
    "conclusion": "¬a = b",
    "_type": "goal"}],
  "contents":
  [{"typeinfo": null,
    "semanticType": "Keyword",
    "raw": "intros",
    "link": null,
    "docstring":
    "`intros x...` behaves like `intro x...`, but then keeps introducing (anonymous) hypotheses until goal is not of a function type. ",
    "_type": "token"}],
  "_type": "sentence"},
 {"messages": [],
  "goals":
  [{"name": "",
    "hypotheses":
    [{"type": "Nat", "names": ["a", "b"], "body": "", "_type": "hypothesis"}],
    "conclusion": "a ≠ b → ¬a = b",
    "_type": "goal"}],
  "contents":
  [{"typeinfo": null,
    "semanticType": null,
    "raw": "\n  ",
    "link": null,
    "docstring": null,
    "_type": "token"}],
  "_type": "sentence"},
 {"messages": [],
  "goals":
  [{"name": "",
    "hypotheses":
    [{"type": "Nat", "names": ["a", "b"], "body": "", "_type": "hypothesis"}],
    "conclusion": "¬a = b",
    "_type": "goal"}],
  "contents":
  [{"typeinfo": null,
    "semanticType": "Keyword",
    "raw": "by_contra",
    "link": null,
    "docstring": null,
    "_type": "token"},
   {"typeinfo": null,
    "semanticType": null,
    "raw": " H",
    "link": null,
    "docstring": null,
    "_type": "token"}],
  "_type": "sentence"},
 {"messages": [],
  "goals":
  [{"name": "",
    "hypotheses":
    [{"type": "Nat", "names": ["a", "b"], "body": "", "_type": "hypothesis"}],
    "conclusion": "a ≠ b → ¬a = b",
    "_type": "goal"}],
  "contents":
  [{"typeinfo": null,
    "semanticType": null,
    "raw": "\n  ",
    "link": null,
    "docstring": null,
    "_type": "token"}],
  "_type": "sentence"},
 {"messages": [],
  "goals":
  [{"name": "",
    "hypotheses": [],
    "conclusion": "Goals accomplished! 🐙",
    "_type": "goal"}],
  "contents":
  [{"typeinfo": null,
    "semanticType": "Keyword",
    "raw": "contradiction",
    "link": null,
    "docstring":
    "`contradiction` closes the main goal if its hypotheses are \"trivially contradictory\".\n```lean\nexample (h : False) : p := by contradiction  -- inductive type/family with no applicable constructors\nexample (h : none = some true) : p := by contradiction  -- injectivity of constructors\nexample (h : 2 + 2 = 3) : p := by contradiction  -- decidable false proposition\nexample (h : p) (h' : ¬ p) : q := by contradiction\nexample (x : Nat) (h : x ≠ x) : p := by contradiction\n```\n",
    "_type": "token"}],
  "_type": "sentence"},
 {"contents":
  [{"typeinfo": null,
    "semanticType": null,
    "raw": "\n\n",
    "link": null,
    "docstring": null,
    "_type": "token"},
   {"typeinfo":
    {"type": "∀ (a b : Nat), ¬¬a = b → a = b",
     "name": "example",
     "_type": "typeinfo"},
    "semanticType": "Keyword",
    "raw": "example",
    "link": null,
    "docstring": null,
    "_type": "token"},
   {"typeinfo": null,
    "semanticType": null,
    "raw": " (",
    "link": null,
    "docstring": null,
    "_type": "token"},
   {"typeinfo": {"type": "Nat", "name": "a", "_type": "typeinfo"},
    "semanticType": "Name.Variable",
    "raw": "a",
    "link": null,
    "docstring": null,
    "_type": "token"},
   {"typeinfo": null,
    "semanticType": null,
    "raw": " ",
    "link": null,
    "docstring": null,
    "_type": "token"},
   {"typeinfo": {"type": "Nat", "name": "b", "_type": "typeinfo"},
    "semanticType": "Name.Variable",
    "raw": "b",
    "link": null,
    "docstring": null,
    "_type": "token"},
   {"typeinfo": null,
    "semanticType": null,
    "raw": " : ",
    "link": null,
    "docstring": null,
    "_type": "token"},
   {"typeinfo": {"type": "Type", "name": "Nat", "_type": "typeinfo"},
    "semanticType": null,
    "raw": "Nat",
    "link": null,
    "docstring": null,
    "_type": "token"},
   {"typeinfo": null,
    "semanticType": null,
    "raw": ") : ¬¬ ",
    "link": null,
    "docstring": null,
    "_type": "token"},
   {"typeinfo": {"type": "Nat", "name": "a", "_type": "typeinfo"},
    "semanticType": "Name.Variable",
    "raw": "a",
    "link": null,
    "docstring": null,
    "_type": "token"},
   {"typeinfo": null,
    "semanticType": null,
    "raw": " = ",
    "link": null,
    "docstring": null,
    "_type": "token"},
   {"typeinfo": {"type": "Nat", "name": "b", "_type": "typeinfo"},
    "semanticType": "Name.Variable",
    "raw": "b",
    "link": null,
    "docstring": null,
    "_type": "token"},
   {"typeinfo": null,
    "semanticType": null,
    "raw": " → ",
    "link": null,
    "docstring": null,
    "_type": "token"},
   {"typeinfo": {"type": "Nat", "name": "a", "_type": "typeinfo"},
    "semanticType": "Name.Variable",
    "raw": "a",
    "link": null,
    "docstring": null,
    "_type": "token"},
   {"typeinfo": null,
    "semanticType": null,
    "raw": " = ",
    "link": null,
    "docstring": null,
    "_type": "token"},
   {"typeinfo": {"type": "Nat", "name": "b", "_type": "typeinfo"},
    "semanticType": "Name.Variable",
    "raw": "b",
    "link": null,
    "docstring": null,
    "_type": "token"},
   {"typeinfo": null,
    "semanticType": null,
    "raw": " := ",
    "link": null,
    "docstring": null,
    "_type": "token"}],
  "_type": "text"},
 {"messages": [],
  "goals":
  [{"name": "",
    "hypotheses":
    [{"type": "Nat", "names": ["a", "b"], "body": "", "_type": "hypothesis"}],
    "conclusion": "¬¬a = b → a = b",
    "_type": "goal"}],
  "contents":
  [{"typeinfo": null,
    "semanticType": "Keyword",
    "raw": "by",
    "link": null,
    "docstring": null,
    "_type": "token"},
   {"typeinfo": null,
    "semanticType": null,
    "raw": "\n  ",
    "link": null,
    "docstring": null,
    "_type": "token"}],
  "_type": "sentence"},
 {"messages": [],
  "goals":
  [{"name": "",
    "hypotheses":
    [{"type": "Nat", "names": ["a", "b"], "body": "", "_type": "hypothesis"}],
    "conclusion": "a = b",
    "_type": "goal"}],
  "contents":
  [{"typeinfo": null,
    "semanticType": "Keyword",
    "raw": "intros",
    "link": null,
    "docstring":
    "`intros x...` behaves like `intro x...`, but then keeps introducing (anonymous) hypotheses until goal is not of a function type. ",
    "_type": "token"}],
  "_type": "sentence"},
 {"messages": [],
  "goals":
  [{"name": "",
    "hypotheses":
    [{"type": "Nat", "names": ["a", "b"], "body": "", "_type": "hypothesis"}],
    "conclusion": "¬¬a = b → a = b",
    "_type": "goal"}],
  "contents":
  [{"typeinfo": null,
    "semanticType": null,
    "raw": "\n  ",
    "link": null,
    "docstring": null,
    "_type": "token"}],
  "_type": "sentence"},
 {"messages": [],
  "goals":
  [{"name": "h",
    "hypotheses":
    [{"type": "Nat", "names": ["a", "b"], "body": "", "_type": "hypothesis"},
     {"type": "¬a = b", "names": ["H"], "body": "", "_type": "hypothesis"}],
    "conclusion": "False",
    "_type": "goal"}],
  "contents":
  [{"typeinfo": null,
    "semanticType": "Keyword",
    "raw": "by_contra",
    "link": null,
    "docstring": null,
    "_type": "token"},
   {"typeinfo": null,
    "semanticType": null,
    "raw": " H",
    "link": null,
    "docstring": null,
    "_type": "token"}],
  "_type": "sentence"},
 {"messages": [],
  "goals":
  [{"name": "",
    "hypotheses":
    [{"type": "Nat", "names": ["a", "b"], "body": "", "_type": "hypothesis"}],
    "conclusion": "¬¬a = b → a = b",
    "_type": "goal"}],
  "contents":
  [{"typeinfo": null,
    "semanticType": null,
    "raw": "\n  ",
    "link": null,
    "docstring": null,
    "_type": "token"}],
  "_type": "sentence"},
 {"messages": [],
  "goals":
  [{"name": "",
    "hypotheses": [],
    "conclusion": "Goals accomplished! 🐙",
    "_type": "goal"}],
  "contents":
  [{"typeinfo": null,
    "semanticType": "Keyword",
    "raw": "contradiction",
    "link": null,
    "docstring":
    "`contradiction` closes the main goal if its hypotheses are \"trivially contradictory\".\n```lean\nexample (h : False) : p := by contradiction  -- inductive type/family with no applicable constructors\nexample (h : none = some true) : p := by contradiction  -- injectivity of constructors\nexample (h : 2 + 2 = 3) : p := by contradiction  -- decidable false proposition\nexample (h : p) (h' : ¬ p) : q := by contradiction\nexample (x : Nat) (h : x ≠ x) : p := by contradiction\n```\n",
    "_type": "token"}],
  "_type": "sentence"},
 {"contents":
  [{"typeinfo": null,
    "semanticType": null,
    "raw": "\n\n",
    "link": null,
    "docstring": null,
    "_type": "token"},
   {"typeinfo":
    {"type": "∀ (p q : Prop), ¬¬p → p", "name": "example", "_type": "typeinfo"},
    "semanticType": "Keyword",
    "raw": "example",
    "link": null,
    "docstring": null,
    "_type": "token"},
   {"typeinfo": null,
    "semanticType": null,
    "raw": " (",
    "link": null,
    "docstring": null,
    "_type": "token"},
   {"typeinfo": {"type": "Prop", "name": "p", "_type": "typeinfo"},
    "semanticType": "Name.Variable",
    "raw": "p",
    "link": null,
    "docstring": null,
    "_type": "token"},
   {"typeinfo": null,
    "semanticType": null,
    "raw": " ",
    "link": null,
    "docstring": null,
    "_type": "token"},
   {"typeinfo": {"type": "Prop", "name": "q", "_type": "typeinfo"},
    "semanticType": "Name.Variable",
    "raw": "q",
    "link": null,
    "docstring": null,
    "_type": "token"},
   {"typeinfo": null,
    "semanticType": null,
    "raw": " : ",
    "link": null,
    "docstring": null,
    "_type": "token"},
   {"typeinfo": {"type": "Type", "name": "Prop", "_type": "typeinfo"},
    "semanticType": null,
    "raw": "Prop",
    "link": null,
    "docstring": null,
    "_type": "token"},
   {"typeinfo": null,
    "semanticType": null,
    "raw": ") : ¬¬ ",
    "link": null,
    "docstring": null,
    "_type": "token"},
   {"typeinfo": {"type": "Prop", "name": "p", "_type": "typeinfo"},
    "semanticType": "Name.Variable",
    "raw": "p",
    "link": null,
    "docstring": null,
    "_type": "token"},
   {"typeinfo": null,
    "semanticType": null,
    "raw": " → ",
    "link": null,
    "docstring": null,
    "_type": "token"},
   {"typeinfo": {"type": "Prop", "name": "p", "_type": "typeinfo"},
    "semanticType": "Name.Variable",
    "raw": "p",
    "link": null,
    "docstring": null,
    "_type": "token"},
   {"typeinfo": null,
    "semanticType": null,
    "raw": " := ",
    "link": null,
    "docstring": null,
    "_type": "token"}],
  "_type": "text"},
 {"messages": [],
  "goals":
  [{"name": "",
    "hypotheses":
    [{"type": "Prop", "names": ["p", "q"], "body": "", "_type": "hypothesis"}],
    "conclusion": "¬¬p → p",
    "_type": "goal"}],
  "contents":
  [{"typeinfo": null,
    "semanticType": "Keyword",
    "raw": "by",
    "link": null,
    "docstring": null,
    "_type": "token"},
   {"typeinfo": null,
    "semanticType": null,
    "raw": "\n  ",
    "link": null,
    "docstring": null,
    "_type": "token"}],
  "_type": "sentence"},
 {"messages": [],
  "goals":
  [{"name": "",
    "hypotheses":
    [{"type": "Prop", "names": ["p", "q"], "body": "", "_type": "hypothesis"}],
    "conclusion": "p",
    "_type": "goal"}],
  "contents":
  [{"typeinfo": null,
    "semanticType": "Keyword",
    "raw": "intros",
    "link": null,
    "docstring":
    "`intros x...` behaves like `intro x...`, but then keeps introducing (anonymous) hypotheses until goal is not of a function type. ",
    "_type": "token"}],
  "_type": "sentence"},
 {"messages": [],
  "goals":
  [{"name": "",
    "hypotheses":
    [{"type": "Prop", "names": ["p", "q"], "body": "", "_type": "hypothesis"}],
    "conclusion": "¬¬p → p",
    "_type": "goal"}],
  "contents":
  [{"typeinfo": null,
    "semanticType": null,
    "raw": "\n  ",
    "link": null,
    "docstring": null,
    "_type": "token"}],
  "_type": "sentence"},
 {"messages": [],
  "goals":
  [{"name": "h",
    "hypotheses":
    [{"type": "Prop", "names": ["p", "q"], "body": "", "_type": "hypothesis"},
     {"type": "¬p", "names": ["H"], "body": "", "_type": "hypothesis"}],
    "conclusion": "False",
    "_type": "goal"}],
  "contents":
  [{"typeinfo": null,
    "semanticType": "Keyword",
    "raw": "by_contra",
    "link": null,
    "docstring": null,
    "_type": "token"},
   {"typeinfo": null,
    "semanticType": null,
    "raw": " H",
    "link": null,
    "docstring": null,
    "_type": "token"}],
  "_type": "sentence"},
 {"messages": [],
  "goals":
  [{"name": "",
    "hypotheses":
    [{"type": "Prop", "names": ["p", "q"], "body": "", "_type": "hypothesis"}],
    "conclusion": "¬¬p → p",
    "_type": "goal"}],
  "contents":
  [{"typeinfo": null,
    "semanticType": null,
    "raw": "\n  ",
    "link": null,
    "docstring": null,
    "_type": "token"}],
  "_type": "sentence"},
 {"messages": [],
  "goals":
  [{"name": "",
    "hypotheses": [],
    "conclusion": "Goals accomplished! 🐙",
    "_type": "goal"}],
  "contents":
  [{"typeinfo": null,
    "semanticType": "Keyword",
    "raw": "contradiction",
    "link": null,
    "docstring":
    "`contradiction` closes the main goal if its hypotheses are \"trivially contradictory\".\n```lean\nexample (h : False) : p := by contradiction  -- inductive type/family with no applicable constructors\nexample (h : none = some true) : p := by contradiction  -- injectivity of constructors\nexample (h : 2 + 2 = 3) : p := by contradiction  -- decidable false proposition\nexample (h : p) (h' : ¬ p) : q := by contradiction\nexample (x : Nat) (h : x ≠ x) : p := by contradiction\n```\n",
    "_type": "token"}],
  "_type": "sentence"},
 {"contents":
  [{"typeinfo": null,
    "semanticType": null,
    "raw": "\n\n-- Test `iterate n ...`\n",
    "link": null,
    "docstring": null,
    "_type": "token"},
   {"typeinfo":
    {"type": "Nat → Nat → Unit", "name": "example", "_type": "typeinfo"},
    "semanticType": "Keyword",
    "raw": "example",
    "link": null,
    "docstring": null,
    "_type": "token"},
   {"typeinfo": null,
    "semanticType": null,
    "raw": " (",
    "link": null,
    "docstring": null,
    "_type": "token"},
   {"typeinfo": {"type": "Nat", "name": "n", "_type": "typeinfo"},
    "semanticType": "Name.Variable",
    "raw": "n",
    "link": null,
    "docstring": null,
    "_type": "token"},
   {"typeinfo": null,
    "semanticType": null,
    "raw": " ",
    "link": null,
    "docstring": null,
    "_type": "token"},
   {"typeinfo": {"type": "Nat", "name": "m", "_type": "typeinfo"},
    "semanticType": "Name.Variable",
    "raw": "m",
    "link": null,
    "docstring": null,
    "_type": "token"},
   {"typeinfo": null,
    "semanticType": null,
    "raw": " : ",
    "link": null,
    "docstring": null,
    "_type": "token"},
   {"typeinfo": {"type": "Type", "name": "Nat", "_type": "typeinfo"},
    "semanticType": null,
    "raw": "Nat",
    "link": null,
    "docstring": null,
    "_type": "token"},
   {"typeinfo": null,
    "semanticType": null,
    "raw": ") : ",
    "link": null,
    "docstring": null,
    "_type": "token"},
   {"typeinfo": {"type": "Type", "name": "Unit", "_type": "typeinfo"},
    "semanticType": null,
    "raw": "Unit",
    "link": null,
    "docstring":
    "An abbreviation for `PUnit.{0}`, its most common instantiation.\n    This Type should be preferred over `PUnit` where possible to avoid\n    unnecessary universe parameters. ",
    "_type": "token"},
   {"typeinfo": null,
    "semanticType": null,
    "raw": " := ",
    "link": null,
    "docstring": null,
    "_type": "token"}],
  "_type": "text"},
 {"messages": [],
  "goals":
  [{"name": "",
    "hypotheses":
    [{"type": "Nat", "names": ["n", "m"], "body": "", "_type": "hypothesis"}],
    "conclusion": "Unit",
    "_type": "goal"}],
  "contents":
  [{"typeinfo": null,
    "semanticType": "Keyword",
    "raw": "by",
    "link": null,
    "docstring": null,
    "_type": "token"},
   {"typeinfo": null,
    "semanticType": null,
    "raw": "\n  ",
    "link": null,
    "docstring": null,
    "_type": "token"}],
  "_type": "sentence"},
 {"messages": [],
  "goals":
  [{"name": "zero",
    "hypotheses":
    [{"type": "Nat", "names": ["m"], "body": "", "_type": "hypothesis"}],
    "conclusion": "Unit",
    "_type": "goal"},
   {"name": "succ",
    "hypotheses":
    [{"type": "Nat", "names": ["m"], "body": "", "_type": "hypothesis"}],
    "conclusion": "Unit",
    "_type": "goal"}],
  "contents":
  [{"typeinfo": null,
    "semanticType": "Keyword",
    "raw": "cases",
    "link": null,
    "docstring": null,
    "_type": "token"},
   {"typeinfo": null,
    "semanticType": null,
    "raw": " ",
    "link": null,
    "docstring": null,
    "_type": "token"},
   {"typeinfo": {"type": "Nat", "name": "n", "_type": "typeinfo"},
    "semanticType": "Name.Variable",
    "raw": "n",
    "link": null,
    "docstring": null,
    "_type": "token"}],
  "_type": "sentence"},
 {"messages": [],
  "goals":
  [{"name": "",
    "hypotheses":
    [{"type": "Nat", "names": ["n", "m"], "body": "", "_type": "hypothesis"}],
    "conclusion": "Unit",
    "_type": "goal"}],
  "contents":
  [{"typeinfo": null,
    "semanticType": null,
    "raw": "\n  ",
    "link": null,
    "docstring": null,
    "_type": "token"}],
  "_type": "sentence"},
 {"messages": [],
  "goals":
  [{"name": "zero.zero",
    "hypotheses": [],
    "conclusion": "Unit",
    "_type": "goal"},
   {"name": "zero.succ",
    "hypotheses": [],
    "conclusion": "Unit",
    "_type": "goal"},
   {"name": "succ",
    "hypotheses":
    [{"type": "Nat", "names": ["m"], "body": "", "_type": "hypothesis"}],
    "conclusion": "Unit",
    "_type": "goal"}],
  "contents":
  [{"typeinfo": null,
    "semanticType": "Keyword",
    "raw": "cases",
    "link": null,
    "docstring": null,
    "_type": "token"},
   {"typeinfo": null,
    "semanticType": null,
    "raw": " ",
    "link": null,
    "docstring": null,
    "_type": "token"},
   {"typeinfo": {"type": "Nat", "name": "m", "_type": "typeinfo"},
    "semanticType": "Name.Variable",
    "raw": "m",
    "link": null,
    "docstring": null,
    "_type": "token"}],
  "_type": "sentence"},
 {"messages": [],
  "goals":
  [{"name": "",
    "hypotheses":
    [{"type": "Nat", "names": ["n", "m"], "body": "", "_type": "hypothesis"}],
    "conclusion": "Unit",
    "_type": "goal"}],
  "contents":
  [{"typeinfo": null,
    "semanticType": null,
    "raw": "\n  ",
    "link": null,
    "docstring": null,
    "_type": "token"}],
  "_type": "sentence"},
 {"messages": [],
  "goals":
  [{"name": "zero.zero",
    "hypotheses": [],
    "conclusion": "Unit",
    "_type": "goal"},
   {"name": "zero.succ",
    "hypotheses": [],
    "conclusion": "Unit",
    "_type": "goal"},
   {"name": "succ",
    "hypotheses":
    [{"type": "Nat", "names": ["m"], "body": "", "_type": "hypothesis"}],
    "conclusion": "Unit",
    "_type": "goal"}],
  "contents":
  [{"typeinfo": null,
    "semanticType": "Keyword",
    "raw": "iterate",
    "link": null,
    "docstring":
    "`iterate n tac` runs `tac` exactly `n` times.\n`iterate tac` runs `tac` repeatedly until failure.\n\nTo run multiple tactics, one can do `iterate (tac₁; tac₂; ⋯)` or\n```lean\niterate\n  tac₁\n  tac₂\n  ⋯\n```\n",
    "_type": "token"},
   {"typeinfo": null,
    "semanticType": null,
    "raw": " 3 ",
    "link": null,
    "docstring":
    "`iterate n tac` runs `tac` exactly `n` times.\n`iterate tac` runs `tac` repeatedly until failure.\n\nTo run multiple tactics, one can do `iterate (tac₁; tac₂; ⋯)` or\n```lean\niterate\n  tac₁\n  tac₂\n  ⋯\n```\n",
    "_type": "token"}],
  "_type": "sentence"},
 {"messages": [],
  "goals":
  [{"name": "",
    "hypotheses": [],
    "conclusion": "Goals accomplished! 🐙",
    "_type": "goal"}],
  "contents":
  [{"typeinfo": null,
    "semanticType": "Keyword",
    "raw": "exact",
    "link": null,
    "docstring":
    "`exact e` closes the main goal if its target type matches that of `e`.\n",
    "_type": "token"},
   {"typeinfo": null,
    "semanticType": null,
    "raw": " ",
    "link": null,
    "docstring":
    "`exact e` closes the main goal if its target type matches that of `e`.\n",
    "_type": "token"},
   {"typeinfo": {"type": "Unit", "name": "()", "_type": "typeinfo"},
    "semanticType": null,
    "raw": "()",
    "link": null,
    "docstring": null,
    "_type": "token"}],
  "_type": "sentence"},
 {"contents":
  [{"typeinfo": null,
    "semanticType": null,
    "raw": "\n\n-- Test `iterate ...`, which should repeat until failure.\n",
    "link": null,
    "docstring": null,
    "_type": "token"},
   {"typeinfo":
    {"type": "Nat → Nat → Unit", "name": "example", "_type": "typeinfo"},
    "semanticType": "Keyword",
    "raw": "example",
    "link": null,
    "docstring": null,
    "_type": "token"},
   {"typeinfo": null,
    "semanticType": null,
    "raw": " (",
    "link": null,
    "docstring": null,
    "_type": "token"},
   {"typeinfo": {"type": "Nat", "name": "n", "_type": "typeinfo"},
    "semanticType": "Name.Variable",
    "raw": "n",
    "link": null,
    "docstring": null,
    "_type": "token"},
   {"typeinfo": null,
    "semanticType": null,
    "raw": " ",
    "link": null,
    "docstring": null,
    "_type": "token"},
   {"typeinfo": {"type": "Nat", "name": "m", "_type": "typeinfo"},
    "semanticType": "Name.Variable",
    "raw": "m",
    "link": null,
    "docstring": null,
    "_type": "token"},
   {"typeinfo": null,
    "semanticType": null,
    "raw": " : ",
    "link": null,
    "docstring": null,
    "_type": "token"},
   {"typeinfo": {"type": "Type", "name": "Nat", "_type": "typeinfo"},
    "semanticType": null,
    "raw": "Nat",
    "link": null,
    "docstring": null,
    "_type": "token"},
   {"typeinfo": null,
    "semanticType": null,
    "raw": ") : ",
    "link": null,
    "docstring": null,
    "_type": "token"},
   {"typeinfo": {"type": "Type", "name": "Unit", "_type": "typeinfo"},
    "semanticType": null,
    "raw": "Unit",
    "link": null,
    "docstring":
    "An abbreviation for `PUnit.{0}`, its most common instantiation.\n    This Type should be preferred over `PUnit` where possible to avoid\n    unnecessary universe parameters. ",
    "_type": "token"},
   {"typeinfo": null,
    "semanticType": null,
    "raw": " := ",
    "link": null,
    "docstring": null,
    "_type": "token"}],
  "_type": "text"},
 {"messages": [],
  "goals":
  [{"name": "",
    "hypotheses":
    [{"type": "Nat", "names": ["n", "m"], "body": "", "_type": "hypothesis"}],
    "conclusion": "Unit",
    "_type": "goal"}],
  "contents":
  [{"typeinfo": null,
    "semanticType": "Keyword",
    "raw": "by",
    "link": null,
    "docstring": null,
    "_type": "token"},
   {"typeinfo": null,
    "semanticType": null,
    "raw": "\n  ",
    "link": null,
    "docstring": null,
    "_type": "token"}],
  "_type": "sentence"},
 {"messages": [],
  "goals":
  [{"name": "zero",
    "hypotheses":
    [{"type": "Nat", "names": ["m"], "body": "", "_type": "hypothesis"}],
    "conclusion": "Unit",
    "_type": "goal"},
   {"name": "succ",
    "hypotheses":
    [{"type": "Nat", "names": ["m"], "body": "", "_type": "hypothesis"}],
    "conclusion": "Unit",
    "_type": "goal"}],
  "contents":
  [{"typeinfo": null,
    "semanticType": "Keyword",
    "raw": "cases",
    "link": null,
    "docstring": null,
    "_type": "token"},
   {"typeinfo": null,
    "semanticType": null,
    "raw": " ",
    "link": null,
    "docstring": null,
    "_type": "token"},
   {"typeinfo": {"type": "Nat", "name": "n", "_type": "typeinfo"},
    "semanticType": "Name.Variable",
    "raw": "n",
    "link": null,
    "docstring": null,
    "_type": "token"}],
  "_type": "sentence"},
 {"messages": [],
  "goals":
  [{"name": "",
    "hypotheses":
    [{"type": "Nat", "names": ["n", "m"], "body": "", "_type": "hypothesis"}],
    "conclusion": "Unit",
    "_type": "goal"}],
  "contents":
  [{"typeinfo": null,
    "semanticType": null,
    "raw": "\n  ",
    "link": null,
    "docstring": null,
    "_type": "token"}],
  "_type": "sentence"},
 {"messages": [],
  "goals":
  [{"name": "zero.zero",
    "hypotheses": [],
    "conclusion": "Unit",
    "_type": "goal"},
   {"name": "zero.succ",
    "hypotheses": [],
    "conclusion": "Unit",
    "_type": "goal"},
   {"name": "succ",
    "hypotheses":
    [{"type": "Nat", "names": ["m"], "body": "", "_type": "hypothesis"}],
    "conclusion": "Unit",
    "_type": "goal"}],
  "contents":
  [{"typeinfo": null,
    "semanticType": "Keyword",
    "raw": "cases",
    "link": null,
    "docstring": null,
    "_type": "token"},
   {"typeinfo": null,
    "semanticType": null,
    "raw": " ",
    "link": null,
    "docstring": null,
    "_type": "token"},
   {"typeinfo": {"type": "Nat", "name": "m", "_type": "typeinfo"},
    "semanticType": "Name.Variable",
    "raw": "m",
    "link": null,
    "docstring": null,
    "_type": "token"}],
  "_type": "sentence"},
 {"messages": [],
  "goals":
  [{"name": "",
    "hypotheses":
    [{"type": "Nat", "names": ["n", "m"], "body": "", "_type": "hypothesis"}],
    "conclusion": "Unit",
    "_type": "goal"}],
  "contents":
  [{"typeinfo": null,
    "semanticType": null,
    "raw": "\n  ",
    "link": null,
    "docstring": null,
    "_type": "token"}],
  "_type": "sentence"},
 {"messages": [],
  "goals":
  [{"name": "zero.zero",
    "hypotheses": [],
    "conclusion": "Unit",
    "_type": "goal"},
   {"name": "zero.succ",
    "hypotheses": [],
    "conclusion": "Unit",
    "_type": "goal"},
   {"name": "succ",
    "hypotheses":
    [{"type": "Nat", "names": ["m"], "body": "", "_type": "hypothesis"}],
    "conclusion": "Unit",
    "_type": "goal"}],
  "contents":
  [{"typeinfo": null,
    "semanticType": "Keyword",
    "raw": "iterate",
    "link": null,
    "docstring":
    "`iterate n tac` runs `tac` exactly `n` times.\n`iterate tac` runs `tac` repeatedly until failure.\n\nTo run multiple tactics, one can do `iterate (tac₁; tac₂; ⋯)` or\n```lean\niterate\n  tac₁\n  tac₂\n  ⋯\n```\n",
    "_type": "token"},
   {"typeinfo": null,
    "semanticType": null,
    "raw": " ",
    "link": null,
    "docstring":
    "`iterate n tac` runs `tac` exactly `n` times.\n`iterate tac` runs `tac` repeatedly until failure.\n\nTo run multiple tactics, one can do `iterate (tac₁; tac₂; ⋯)` or\n```lean\niterate\n  tac₁\n  tac₂\n  ⋯\n```\n",
    "_type": "token"}],
  "_type": "sentence"},
 {"messages": [],
  "goals":
  [{"name": "",
    "hypotheses": [],
    "conclusion": "Goals accomplished! 🐙",
    "_type": "goal"}],
  "contents":
  [{"typeinfo": null,
    "semanticType": "Keyword",
    "raw": "exact",
    "link": null,
    "docstring":
    "`exact e` closes the main goal if its target type matches that of `e`.\n",
    "_type": "token"},
   {"typeinfo": null,
    "semanticType": null,
    "raw": " ",
    "link": null,
    "docstring":
    "`exact e` closes the main goal if its target type matches that of `e`.\n",
    "_type": "token"},
   {"typeinfo": {"type": "Unit", "name": "()", "_type": "typeinfo"},
    "semanticType": null,
    "raw": "()",
    "link": null,
    "docstring": null,
    "_type": "token"}],
  "_type": "sentence"},
 {"contents":
  [{"typeinfo": null,
    "semanticType": null,
    "raw": "\n\n",
    "link": null,
    "docstring": null,
    "_type": "token"},
   {"typeinfo": {"type": "Nat → Nat", "name": "example", "_type": "typeinfo"},
    "semanticType": "Keyword",
    "raw": "example",
    "link": null,
    "docstring": null,
    "_type": "token"},
   {"typeinfo": null,
    "semanticType": null,
    "raw": " (",
    "link": null,
    "docstring": null,
    "_type": "token"},
   {"typeinfo": {"type": "Nat", "name": "n", "_type": "typeinfo"},
    "semanticType": "Name.Variable",
    "raw": "n",
    "link": null,
    "docstring": null,
    "_type": "token"},
   {"typeinfo": null,
    "semanticType": null,
    "raw": " : ",
    "link": null,
    "docstring": null,
    "_type": "token"},
   {"typeinfo": {"type": "Type", "name": "Nat", "_type": "typeinfo"},
    "semanticType": null,
    "raw": "Nat",
    "link": null,
    "docstring": null,
    "_type": "token"},
   {"typeinfo": null,
    "semanticType": null,
    "raw": ") : ",
    "link": null,
    "docstring": null,
    "_type": "token"},
   {"typeinfo": {"type": "Type", "name": "Nat", "_type": "typeinfo"},
    "semanticType": null,
    "raw": "Nat",
    "link": null,
    "docstring": null,
    "_type": "token"},
   {"typeinfo": null,
    "semanticType": null,
    "raw": " := ",
    "link": null,
    "docstring": null,
    "_type": "token"}],
  "_type": "text"},
 {"messages": [],
  "goals":
  [{"name": "",
    "hypotheses":
    [{"type": "Nat", "names": ["n"], "body": "", "_type": "hypothesis"}],
    "conclusion": "Nat",
    "_type": "goal"}],
  "contents":
  [{"typeinfo": null,
    "semanticType": "Keyword",
    "raw": "by",
    "link": null,
    "docstring": null,
    "_type": "token"},
   {"typeinfo": null,
    "semanticType": null,
    "raw": "\n  ",
    "link": null,
    "docstring": null,
    "_type": "token"}],
  "_type": "sentence"},
 {"messages": [],
  "goals":
  [{"name": "",
    "hypotheses":
    [{"type": "Nat", "names": ["n"], "body": "", "_type": "hypothesis"}],
    "conclusion": "Nat",
    "_type": "goal"}],
  "contents":
  [{"typeinfo": null,
    "semanticType": "Keyword",
    "raw": "iterate",
    "link": null,
    "docstring":
    "`iterate n tac` runs `tac` exactly `n` times.\n`iterate tac` runs `tac` repeatedly until failure.\n\nTo run multiple tactics, one can do `iterate (tac₁; tac₂; ⋯)` or\n```lean\niterate\n  tac₁\n  tac₂\n  ⋯\n```\n",
    "_type": "token"},
   {"typeinfo": null,
    "semanticType": null,
    "raw": " ",
    "link": null,
    "docstring":
    "`iterate n tac` runs `tac` exactly `n` times.\n`iterate tac` runs `tac` repeatedly until failure.\n\nTo run multiple tactics, one can do `iterate (tac₁; tac₂; ⋯)` or\n```lean\niterate\n  tac₁\n  tac₂\n  ⋯\n```\n",
    "_type": "token"}],
  "_type": "sentence"},
 {"messages": [],
  "goals":
  [{"name": "",
    "hypotheses":
    [{"type": "Nat", "names": ["n"], "body": "", "_type": "hypothesis"}],
    "conclusion": "Nat",
    "_type": "goal"}],
  "contents":
  [{"typeinfo": null,
    "semanticType": "Keyword",
    "raw": "exact",
    "link": null,
    "docstring":
    "`exact e` closes the main goal if its target type matches that of `e`.\n",
    "_type": "token"},
   {"typeinfo": null,
    "semanticType": null,
    "raw": " ",
    "link": null,
    "docstring":
    "`exact e` closes the main goal if its target type matches that of `e`.\n",
    "_type": "token"},
   {"typeinfo": {"type": "Unit", "name": "()", "_type": "typeinfo"},
    "semanticType": null,
    "raw": "()",
    "link": null,
    "docstring": null,
    "_type": "token"}],
  "_type": "sentence"},
 {"messages": [],
  "goals":
  [{"name": "",
    "hypotheses":
    [{"type": "Nat", "names": ["n"], "body": "", "_type": "hypothesis"}],
    "conclusion": "Nat",
    "_type": "goal"}],
  "contents":
  [{"typeinfo": null,
    "semanticType": null,
    "raw": " -- silently succeeds, after iterating 0 times\n  ",
    "link": null,
    "docstring": null,
    "_type": "token"}],
  "_type": "sentence"},
 {"messages": [],
  "goals":
  [{"name": "",
    "hypotheses":
    [{"type": "Nat", "names": ["n"], "body": "", "_type": "hypothesis"}],
    "conclusion": "Nat",
    "_type": "goal"}],
  "contents":
  [{"typeinfo": null,
    "semanticType": "Keyword",
    "raw": "iterate",
    "link": null,
    "docstring":
    "`iterate n tac` runs `tac` exactly `n` times.\n`iterate tac` runs `tac` repeatedly until failure.\n\nTo run multiple tactics, one can do `iterate (tac₁; tac₂; ⋯)` or\n```lean\niterate\n  tac₁\n  tac₂\n  ⋯\n```\n",
    "_type": "token"},
   {"typeinfo": null,
    "semanticType": null,
    "raw": " ",
    "link": null,
    "docstring":
    "`iterate n tac` runs `tac` exactly `n` times.\n`iterate tac` runs `tac` repeatedly until failure.\n\nTo run multiple tactics, one can do `iterate (tac₁; tac₂; ⋯)` or\n```lean\niterate\n  tac₁\n  tac₂\n  ⋯\n```\n",
    "_type": "token"}],
  "_type": "sentence"},
 {"messages": [],
  "goals":
  [{"name": "",
    "hypotheses": [],
    "conclusion": "Goals accomplished! 🐙",
    "_type": "goal"}],
  "contents":
  [{"typeinfo": null,
    "semanticType": "Keyword",
    "raw": "exact",
    "link": null,
    "docstring":
    "`exact e` closes the main goal if its target type matches that of `e`.\n",
    "_type": "token"},
   {"typeinfo": null,
    "semanticType": null,
    "raw": " ",
    "link": null,
    "docstring":
    "`exact e` closes the main goal if its target type matches that of `e`.\n",
    "_type": "token"},
   {"typeinfo": {"type": "Nat", "name": "n", "_type": "typeinfo"},
    "semanticType": "Name.Variable",
    "raw": "n",
    "link": null,
    "docstring": null,
    "_type": "token"}],
  "_type": "sentence"},
 {"contents":
  [{"typeinfo": null,
    "semanticType": null,
    "raw": "\n\n",
    "link": null,
    "docstring": null,
    "_type": "token"},
   {"typeinfo":
    {"type":
     "∀ (p q r s : Prop), p → q → r → s → (p ∧ q) ∧ (r ∧ s ∧ p) ∧ p ∧ r ∧ q",
     "name": "example",
     "_type": "typeinfo"},
    "semanticType": "Keyword",
    "raw": "example",
    "link": null,
    "docstring": null,
    "_type": "token"},
   {"typeinfo": null,
    "semanticType": null,
    "raw": " (",
    "link": null,
    "docstring": null,
    "_type": "token"},
   {"typeinfo": {"type": "Prop", "name": "p", "_type": "typeinfo"},
    "semanticType": "Name.Variable",
    "raw": "p",
    "link": null,
    "docstring": null,
    "_type": "token"},
   {"typeinfo": null,
    "semanticType": null,
    "raw": " ",
    "link": null,
    "docstring": null,
    "_type": "token"},
   {"typeinfo": {"type": "Prop", "name": "q", "_type": "typeinfo"},
    "semanticType": "Name.Variable",
    "raw": "q",
    "link": null,
    "docstring": null,
    "_type": "token"},
   {"typeinfo": null,
    "semanticType": null,
    "raw": " ",
    "link": null,
    "docstring": null,
    "_type": "token"},
   {"typeinfo": {"type": "Prop", "name": "r", "_type": "typeinfo"},
    "semanticType": "Name.Variable",
    "raw": "r",
    "link": null,
    "docstring": null,
    "_type": "token"},
   {"typeinfo": null,
    "semanticType": null,
    "raw": " ",
    "link": null,
    "docstring": null,
    "_type": "token"},
   {"typeinfo": {"type": "Prop", "name": "s", "_type": "typeinfo"},
    "semanticType": "Name.Variable",
    "raw": "s",
    "link": null,
    "docstring": null,
    "_type": "token"},
   {"typeinfo": null,
    "semanticType": null,
    "raw": " : ",
    "link": null,
    "docstring": null,
    "_type": "token"},
   {"typeinfo": {"type": "Type", "name": "Prop", "_type": "typeinfo"},
    "semanticType": null,
    "raw": "Prop",
    "link": null,
    "docstring": null,
    "_type": "token"},
   {"typeinfo": null,
    "semanticType": null,
    "raw": ") : ",
    "link": null,
    "docstring": null,
    "_type": "token"},
   {"typeinfo": {"type": "Prop", "name": "p", "_type": "typeinfo"},
    "semanticType": "Name.Variable",
    "raw": "p",
    "link": null,
    "docstring": null,
    "_type": "token"},
   {"typeinfo": null,
    "semanticType": null,
    "raw": " → ",
    "link": null,
    "docstring": null,
    "_type": "token"},
   {"typeinfo": {"type": "Prop", "name": "q", "_type": "typeinfo"},
    "semanticType": "Name.Variable",
    "raw": "q",
    "link": null,
    "docstring": null,
    "_type": "token"},
   {"typeinfo": null,
    "semanticType": null,
    "raw": " → ",
    "link": null,
    "docstring": null,
    "_type": "token"},
   {"typeinfo": {"type": "Prop", "name": "r", "_type": "typeinfo"},
    "semanticType": "Name.Variable",
    "raw": "r",
    "link": null,
    "docstring": null,
    "_type": "token"},
   {"typeinfo": null,
    "semanticType": null,
    "raw": " → ",
    "link": null,
    "docstring": null,
    "_type": "token"},
   {"typeinfo": {"type": "Prop", "name": "s", "_type": "typeinfo"},
    "semanticType": "Name.Variable",
    "raw": "s",
    "link": null,
    "docstring": null,
    "_type": "token"},
   {"typeinfo": null,
    "semanticType": null,
    "raw": " → (",
    "link": null,
    "docstring": null,
    "_type": "token"},
   {"typeinfo": {"type": "Prop", "name": "p", "_type": "typeinfo"},
    "semanticType": "Name.Variable",
    "raw": "p",
    "link": null,
    "docstring": null,
    "_type": "token"},
   {"typeinfo": null,
    "semanticType": null,
    "raw": " ∧ ",
    "link": null,
    "docstring": null,
    "_type": "token"},
   {"typeinfo": {"type": "Prop", "name": "q", "_type": "typeinfo"},
    "semanticType": "Name.Variable",
    "raw": "q",
    "link": null,
    "docstring": null,
    "_type": "token"},
   {"typeinfo": null,
    "semanticType": null,
    "raw": ") ∧ (",
    "link": null,
    "docstring": null,
    "_type": "token"},
   {"typeinfo": {"type": "Prop", "name": "r", "_type": "typeinfo"},
    "semanticType": "Name.Variable",
    "raw": "r",
    "link": null,
    "docstring": null,
    "_type": "token"},
   {"typeinfo": null,
    "semanticType": null,
    "raw": " ∧ ",
    "link": null,
    "docstring": null,
    "_type": "token"},
   {"typeinfo": {"type": "Prop", "name": "s", "_type": "typeinfo"},
    "semanticType": "Name.Variable",
    "raw": "s",
    "link": null,
    "docstring": null,
    "_type": "token"},
   {"typeinfo": null,
    "semanticType": null,
    "raw": " ∧ ",
    "link": null,
    "docstring": null,
    "_type": "token"},
   {"typeinfo": {"type": "Prop", "name": "p", "_type": "typeinfo"},
    "semanticType": "Name.Variable",
    "raw": "p",
    "link": null,
    "docstring": null,
    "_type": "token"},
   {"typeinfo": null,
    "semanticType": null,
    "raw": ") ∧ (",
    "link": null,
    "docstring": null,
    "_type": "token"},
   {"typeinfo": {"type": "Prop", "name": "p", "_type": "typeinfo"},
    "semanticType": "Name.Variable",
    "raw": "p",
    "link": null,
    "docstring": null,
    "_type": "token"},
   {"typeinfo": null,
    "semanticType": null,
    "raw": " ∧ ",
    "link": null,
    "docstring": null,
    "_type": "token"},
   {"typeinfo": {"type": "Prop", "name": "r", "_type": "typeinfo"},
    "semanticType": "Name.Variable",
    "raw": "r",
    "link": null,
    "docstring": null,
    "_type": "token"},
   {"typeinfo": null,
    "semanticType": null,
    "raw": " ∧ ",
    "link": null,
    "docstring": null,
    "_type": "token"},
   {"typeinfo": {"type": "Prop", "name": "q", "_type": "typeinfo"},
    "semanticType": "Name.Variable",
    "raw": "q",
    "link": null,
    "docstring": null,
    "_type": "token"},
   {"typeinfo": null,
    "semanticType": null,
    "raw": ") := ",
    "link": null,
    "docstring": null,
    "_type": "token"}],
  "_type": "text"},
 {"messages": [],
  "goals":
  [{"name": "",
    "hypotheses":
    [{"type": "Prop",
      "names": ["p", "q", "r", "s"],
      "body": "",
      "_type": "hypothesis"}],
    "conclusion": "p → q → r → s → (p ∧ q) ∧ (r ∧ s ∧ p) ∧ p ∧ r ∧ q",
    "_type": "goal"}],
  "contents":
  [{"typeinfo": null,
    "semanticType": "Keyword",
    "raw": "by",
    "link": null,
    "docstring": null,
    "_type": "token"},
   {"typeinfo": null,
    "semanticType": null,
    "raw": "\n  ",
    "link": null,
    "docstring": null,
    "_type": "token"}],
  "_type": "sentence"},
 {"messages": [],
  "goals":
  [{"name": "",
    "hypotheses":
    [{"type": "Prop",
      "names": ["p", "q", "r", "s"],
      "body": "",
      "_type": "hypothesis"}],
    "conclusion": "(p ∧ q) ∧ (r ∧ s ∧ p) ∧ p ∧ r ∧ q",
    "_type": "goal"}],
  "contents":
  [{"typeinfo": null,
    "semanticType": "Keyword",
    "raw": "intros",
    "link": null,
    "docstring":
    "`intros x...` behaves like `intro x...`, but then keeps introducing (anonymous) hypotheses until goal is not of a function type. ",
    "_type": "token"}],
  "_type": "sentence"},
 {"messages": [],
  "goals":
  [{"name": "",
    "hypotheses":
    [{"type": "Prop",
      "names": ["p", "q", "r", "s"],
      "body": "",
      "_type": "hypothesis"}],
    "conclusion": "p → q → r → s → (p ∧ q) ∧ (r ∧ s ∧ p) ∧ p ∧ r ∧ q",
    "_type": "goal"}],
  "contents":
  [{"typeinfo": null,
    "semanticType": null,
    "raw": "\n  ",
    "link": null,
    "docstring": null,
    "_type": "token"}],
  "_type": "sentence"},
 {"messages": [],
  "goals":
  [{"name": "",
    "hypotheses":
    [{"type": "Prop",
      "names": ["p", "q", "r", "s"],
      "body": "",
      "_type": "hypothesis"}],
    "conclusion": "(p ∧ q) ∧ (r ∧ s ∧ p) ∧ p ∧ r ∧ q",
    "_type": "goal"}],
  "contents":
  [{"typeinfo": null,
    "semanticType": "Keyword",
    "raw": "repeat'",
    "link": null,
    "docstring": null,
    "_type": "token"},
   {"typeinfo": null,
    "semanticType": null,
    "raw": " ",
    "link": null,
    "docstring": null,
    "_type": "token"}],
  "_type": "sentence"},
 {"messages": [],
  "goals":
  [{"name": "right.left.right.left",
    "hypotheses":
    [{"type": "Prop",
      "names": ["p", "q", "r", "s"],
      "body": "",
      "_type": "hypothesis"}],
    "conclusion": "s",
    "_type": "goal"},
   {"name": "right.left.right.right",
    "hypotheses":
    [{"type": "Prop",
      "names": ["p", "q", "r", "s"],
      "body": "",
      "_type": "hypothesis"}],
    "conclusion": "p",
    "_type": "goal"}],
  "contents":
  [{"typeinfo": null,
    "semanticType": "Keyword",
    "raw": "constructor",
    "link": null,
    "docstring":
    "If the main goal's target type is an inductive type, `constructor` solves it with the first matching constructor, or else fails. ",
    "_type": "token"}],
  "_type": "sentence"},
 {"messages": [],
  "goals":
  [{"name": "",
    "hypotheses":
    [{"type": "Prop",
      "names": ["p", "q", "r", "s"],
      "body": "",
      "_type": "hypothesis"}],
    "conclusion": "p → q → r → s → (p ∧ q) ∧ (r ∧ s ∧ p) ∧ p ∧ r ∧ q",
    "_type": "goal"}],
  "contents":
  [{"typeinfo": null,
    "semanticType": null,
    "raw": "\n  ",
    "link": null,
    "docstring": null,
    "_type": "token"}],
  "_type": "sentence"},
 {"messages": [],
  "goals":
  [{"name": "left.left",
    "hypotheses":
    [{"type": "Prop",
      "names": ["p", "q", "r", "s"],
      "body": "",
      "_type": "hypothesis"}],
    "conclusion": "p",
    "_type": "goal"},
   {"name": "left.right",
    "hypotheses":
    [{"type": "Prop",
      "names": ["p", "q", "r", "s"],
      "body": "",
      "_type": "hypothesis"}],
    "conclusion": "q",
    "_type": "goal"},
   {"name": "right.left.left",
    "hypotheses":
    [{"type": "Prop",
      "names": ["p", "q", "r", "s"],
      "body": "",
      "_type": "hypothesis"}],
    "conclusion": "r",
    "_type": "goal"},
   {"name": "right.left.right.left",
    "hypotheses":
    [{"type": "Prop",
      "names": ["p", "q", "r", "s"],
      "body": "",
      "_type": "hypothesis"}],
    "conclusion": "s",
    "_type": "goal"},
   {"name": "right.left.right.right",
    "hypotheses":
    [{"type": "Prop",
      "names": ["p", "q", "r", "s"],
      "body": "",
      "_type": "hypothesis"}],
    "conclusion": "p",
    "_type": "goal"},
   {"name": "right.right.left",
    "hypotheses":
    [{"type": "Prop",
      "names": ["p", "q", "r", "s"],
      "body": "",
      "_type": "hypothesis"}],
    "conclusion": "p",
    "_type": "goal"},
   {"name": "right.right.right.left",
    "hypotheses":
    [{"type": "Prop",
      "names": ["p", "q", "r", "s"],
      "body": "",
      "_type": "hypothesis"}],
    "conclusion": "r",
    "_type": "goal"},
   {"name": "right.right.right.right",
    "hypotheses":
    [{"type": "Prop",
      "names": ["p", "q", "r", "s"],
      "body": "",
      "_type": "hypothesis"}],
    "conclusion": "q",
    "_type": "goal"}],
  "contents":
  [{"typeinfo": null,
    "semanticType": "Keyword",
    "raw": "repeat'",
    "link": null,
    "docstring": null,
    "_type": "token"},
   {"typeinfo": null,
    "semanticType": null,
    "raw": " ",
    "link": null,
    "docstring": null,
    "_type": "token"}],
  "_type": "sentence"},
 {"messages": [],
  "goals":
  [{"name": "",
    "hypotheses": [],
    "conclusion": "Goals accomplished! 🐙",
    "_type": "goal"}],
  "contents":
  [{"typeinfo": null,
    "semanticType": "Keyword",
    "raw": "assumption",
    "link": null,
    "docstring":
    "`assumption` tries to solve the main goal using a hypothesis of compatible type, or else fails.\nNote also the `‹t›` term notation, which is a shorthand for `show t by assumption`. ",
    "_type": "token"}],
  "_type": "sentence"},
 {"contents":
  [{"typeinfo": null,
    "semanticType": null,
    "raw": "\n\n",
    "link": null,
    "docstring": null,
    "_type": "token"},
   {"typeinfo":
    {"type": "∀ (p q : Prop), p → q → (p ∧ q) ∧ p ∧ q ∧ p",
     "name": "example",
     "_type": "typeinfo"},
    "semanticType": "Keyword",
    "raw": "example",
    "link": null,
    "docstring": null,
    "_type": "token"},
   {"typeinfo": null,
    "semanticType": null,
    "raw": " (",
    "link": null,
    "docstring": null,
    "_type": "token"},
   {"typeinfo": {"type": "Prop", "name": "p", "_type": "typeinfo"},
    "semanticType": "Name.Variable",
    "raw": "p",
    "link": null,
    "docstring": null,
    "_type": "token"},
   {"typeinfo": null,
    "semanticType": null,
    "raw": " ",
    "link": null,
    "docstring": null,
    "_type": "token"},
   {"typeinfo": {"type": "Prop", "name": "q", "_type": "typeinfo"},
    "semanticType": "Name.Variable",
    "raw": "q",
    "link": null,
    "docstring": null,
    "_type": "token"},
   {"typeinfo": null,
    "semanticType": null,
    "raw": " : ",
    "link": null,
    "docstring": null,
    "_type": "token"},
   {"typeinfo": {"type": "Type", "name": "Prop", "_type": "typeinfo"},
    "semanticType": null,
    "raw": "Prop",
    "link": null,
    "docstring": null,
    "_type": "token"},
   {"typeinfo": null,
    "semanticType": null,
    "raw": ") : ",
    "link": null,
    "docstring": null,
    "_type": "token"},
   {"typeinfo": {"type": "Prop", "name": "p", "_type": "typeinfo"},
    "semanticType": "Name.Variable",
    "raw": "p",
    "link": null,
    "docstring": null,
    "_type": "token"},
   {"typeinfo": null,
    "semanticType": null,
    "raw": " → ",
    "link": null,
    "docstring": null,
    "_type": "token"},
   {"typeinfo": {"type": "Prop", "name": "q", "_type": "typeinfo"},
    "semanticType": "Name.Variable",
    "raw": "q",
    "link": null,
    "docstring": null,
    "_type": "token"},
   {"typeinfo": null,
    "semanticType": null,
    "raw": " → (",
    "link": null,
    "docstring": null,
    "_type": "token"},
   {"typeinfo": {"type": "Prop", "name": "p", "_type": "typeinfo"},
    "semanticType": "Name.Variable",
    "raw": "p",
    "link": null,
    "docstring": null,
    "_type": "token"},
   {"typeinfo": null,
    "semanticType": null,
    "raw": " ∧ ",
    "link": null,
    "docstring": null,
    "_type": "token"},
   {"typeinfo": {"type": "Prop", "name": "q", "_type": "typeinfo"},
    "semanticType": "Name.Variable",
    "raw": "q",
    "link": null,
    "docstring": null,
    "_type": "token"},
   {"typeinfo": null,
    "semanticType": null,
    "raw": ") ∧ (",
    "link": null,
    "docstring": null,
    "_type": "token"},
   {"typeinfo": {"type": "Prop", "name": "p", "_type": "typeinfo"},
    "semanticType": "Name.Variable",
    "raw": "p",
    "link": null,
    "docstring": null,
    "_type": "token"},
   {"typeinfo": null,
    "semanticType": null,
    "raw": " ∧ ",
    "link": null,
    "docstring": null,
    "_type": "token"},
   {"typeinfo": {"type": "Prop", "name": "q", "_type": "typeinfo"},
    "semanticType": "Name.Variable",
    "raw": "q",
    "link": null,
    "docstring": null,
    "_type": "token"},
   {"typeinfo": null,
    "semanticType": null,
    "raw": " ∧ ",
    "link": null,
    "docstring": null,
    "_type": "token"},
   {"typeinfo": {"type": "Prop", "name": "p", "_type": "typeinfo"},
    "semanticType": "Name.Variable",
    "raw": "p",
    "link": null,
    "docstring": null,
    "_type": "token"},
   {"typeinfo": null,
    "semanticType": null,
    "raw": ") := ",
    "link": null,
    "docstring": null,
    "_type": "token"}],
  "_type": "text"},
 {"messages": [],
  "goals":
  [{"name": "",
    "hypotheses":
    [{"type": "Prop", "names": ["p", "q"], "body": "", "_type": "hypothesis"}],
    "conclusion": "p → q → (p ∧ q) ∧ p ∧ q ∧ p",
    "_type": "goal"}],
  "contents":
  [{"typeinfo": null,
    "semanticType": "Keyword",
    "raw": "by",
    "link": null,
    "docstring": null,
    "_type": "token"},
   {"typeinfo": null,
    "semanticType": null,
    "raw": "\n  ",
    "link": null,
    "docstring": null,
    "_type": "token"}],
  "_type": "sentence"},
 {"messages": [],
  "goals":
  [{"name": "",
    "hypotheses":
    [{"type": "Prop", "names": ["p", "q"], "body": "", "_type": "hypothesis"}],
    "conclusion": "(p ∧ q) ∧ p ∧ q ∧ p",
    "_type": "goal"}],
  "contents":
  [{"typeinfo": null,
    "semanticType": "Keyword",
    "raw": "intros",
    "link": null,
    "docstring":
    "`intros x...` behaves like `intro x...`, but then keeps introducing (anonymous) hypotheses until goal is not of a function type. ",
    "_type": "token"}],
  "_type": "sentence"},
 {"messages": [],
  "goals":
  [{"name": "",
    "hypotheses":
    [{"type": "Prop", "names": ["p", "q"], "body": "", "_type": "hypothesis"}],
    "conclusion": "p → q → (p ∧ q) ∧ p ∧ q ∧ p",
    "_type": "goal"}],
  "contents":
  [{"typeinfo": null,
    "semanticType": null,
    "raw": "\n  ",
    "link": null,
    "docstring": null,
    "_type": "token"}],
  "_type": "sentence"},
 {"messages": [],
  "goals":
  [{"name": "left",
    "hypotheses":
    [{"type": "Prop", "names": ["p", "q"], "body": "", "_type": "hypothesis"}],
    "conclusion": "p ∧ q",
    "_type": "goal"},
   {"name": "right",
    "hypotheses":
    [{"type": "Prop", "names": ["p", "q"], "body": "", "_type": "hypothesis"}],
    "conclusion": "p ∧ q ∧ p",
    "_type": "goal"}],
  "contents":
  [{"typeinfo": null,
    "semanticType": "Keyword",
    "raw": "constructor",
    "link": null,
    "docstring":
    "If the main goal's target type is an inductive type, `constructor` solves it with the first matching constructor, or else fails. ",
    "_type": "token"}],
  "_type": "sentence"},
 {"messages": [],
  "goals":
  [{"name": "",
    "hypotheses":
    [{"type": "Prop", "names": ["p", "q"], "body": "", "_type": "hypothesis"}],
    "conclusion": "p → q → (p ∧ q) ∧ p ∧ q ∧ p",
    "_type": "goal"}],
  "contents":
  [{"typeinfo": null,
    "semanticType": null,
    "raw": "\n  ",
    "link": null,
    "docstring": null,
    "_type": "token"}],
  "_type": "sentence"},
 {"messages": [],
  "goals":
  [{"name": "left",
    "hypotheses":
    [{"type": "Prop", "names": ["p", "q"], "body": "", "_type": "hypothesis"}],
    "conclusion": "p ∧ q",
    "_type": "goal"},
   {"name": "right",
    "hypotheses":
    [{"type": "Prop", "names": ["p", "q"], "body": "", "_type": "hypothesis"}],
    "conclusion": "p ∧ q ∧ p",
    "_type": "goal"}],
  "contents":
  [{"typeinfo": null,
    "semanticType": "Keyword",
    "raw": "fail_if_success",
    "link": null,
    "docstring": null,
    "_type": "token"},
   {"typeinfo": null,
    "semanticType": null,
    "raw": " ",
    "link": null,
    "docstring": null,
    "_type": "token"}],
  "_type": "sentence"},
 {"messages": [],
  "goals":
  [{"name": "left",
    "hypotheses":
    [{"type": "Prop", "names": ["p", "q"], "body": "", "_type": "hypothesis"}],
    "conclusion": "p ∧ q",
    "_type": "goal"},
   {"name": "right",
    "hypotheses":
    [{"type": "Prop", "names": ["p", "q"], "body": "", "_type": "hypothesis"}],
    "conclusion": "p ∧ q ∧ p",
    "_type": "goal"}],
  "contents":
  [{"typeinfo": null,
    "semanticType": "Keyword",
    "raw": "any_goals",
    "link": null,
    "docstring": null,
    "_type": "token"},
   {"typeinfo": null,
    "semanticType": null,
    "raw": " ",
    "link": null,
    "docstring": null,
    "_type": "token"}],
  "_type": "sentence"},
 {"messages": [],
  "goals":
  [{"name": "right",
    "hypotheses":
    [{"type": "Prop", "names": ["p", "q"], "body": "", "_type": "hypothesis"}],
    "conclusion": "p ∧ q ∧ p",
    "_type": "goal"}],
  "contents":
  [{"typeinfo": null,
    "semanticType": "Keyword",
    "raw": "assumption",
    "link": null,
    "docstring":
    "`assumption` tries to solve the main goal using a hypothesis of compatible type, or else fails.\nNote also the `‹t›` term notation, which is a shorthand for `show t by assumption`. ",
    "_type": "token"}],
  "_type": "sentence"},
 {"messages": [],
  "goals":
  [{"name": "",
    "hypotheses":
    [{"type": "Prop", "names": ["p", "q"], "body": "", "_type": "hypothesis"}],
    "conclusion": "p → q → (p ∧ q) ∧ p ∧ q ∧ p",
    "_type": "goal"}],
  "contents":
  [{"typeinfo": null,
    "semanticType": null,
    "raw": "\n  ",
    "link": null,
    "docstring": null,
    "_type": "token"}],
  "_type": "sentence"},
 {"messages": [],
  "goals":
  [{"name": "left",
    "hypotheses":
    [{"type": "Prop", "names": ["p", "q"], "body": "", "_type": "hypothesis"}],
    "conclusion": "p ∧ q",
    "_type": "goal"},
   {"name": "right",
    "hypotheses":
    [{"type": "Prop", "names": ["p", "q"], "body": "", "_type": "hypothesis"}],
    "conclusion": "p ∧ q ∧ p",
    "_type": "goal"}],
  "contents":
  [{"typeinfo": null,
    "semanticType": "Keyword",
    "raw": "all_goals",
    "link": null,
    "docstring":
    "`allGoals tac` runs `tac` on each goal, concatenating the resulting goals, if any. ",
    "_type": "token"},
   {"typeinfo": null,
    "semanticType": null,
    "raw": " ",
    "link": null,
    "docstring":
    "`allGoals tac` runs `tac` on each goal, concatenating the resulting goals, if any. ",
    "_type": "token"}],
  "_type": "sentence"},
 {"messages": [],
  "goals":
  [{"name": "left.left",
    "hypotheses":
    [{"type": "Prop", "names": ["p", "q"], "body": "", "_type": "hypothesis"}],
    "conclusion": "p",
    "_type": "goal"},
   {"name": "left.right",
    "hypotheses":
    [{"type": "Prop", "names": ["p", "q"], "body": "", "_type": "hypothesis"}],
    "conclusion": "q",
    "_type": "goal"}],
  "contents":
  [{"typeinfo": null,
    "semanticType": "Keyword",
    "raw": "constructor",
    "link": null,
    "docstring":
    "If the main goal's target type is an inductive type, `constructor` solves it with the first matching constructor, or else fails. ",
    "_type": "token"}],
  "_type": "sentence"},
 {"messages": [],
  "goals":
  [{"name": "",
    "hypotheses":
    [{"type": "Prop", "names": ["p", "q"], "body": "", "_type": "hypothesis"}],
    "conclusion": "p → q → (p ∧ q) ∧ p ∧ q ∧ p",
    "_type": "goal"}],
  "contents":
  [{"typeinfo": null,
    "semanticType": null,
    "raw": "\n  ",
    "link": null,
    "docstring": null,
    "_type": "token"}],
  "_type": "sentence"},
 {"messages": [],
  "goals":
  [{"name": "left.left",
    "hypotheses":
    [{"type": "Prop", "names": ["p", "q"], "body": "", "_type": "hypothesis"}],
    "conclusion": "p",
    "_type": "goal"},
   {"name": "left.right",
    "hypotheses":
    [{"type": "Prop", "names": ["p", "q"], "body": "", "_type": "hypothesis"}],
    "conclusion": "q",
    "_type": "goal"},
   {"name": "right.left",
    "hypotheses":
    [{"type": "Prop", "names": ["p", "q"], "body": "", "_type": "hypothesis"}],
    "conclusion": "p",
    "_type": "goal"},
   {"name": "right.right",
    "hypotheses":
    [{"type": "Prop", "names": ["p", "q"], "body": "", "_type": "hypothesis"}],
    "conclusion": "q ∧ p",
    "_type": "goal"}],
  "contents":
  [{"typeinfo": null,
    "semanticType": "Keyword",
    "raw": "any_goals",
    "link": null,
    "docstring": null,
    "_type": "token"},
   {"typeinfo": null,
    "semanticType": null,
    "raw": " ",
    "link": null,
    "docstring": null,
    "_type": "token"}],
  "_type": "sentence"},
 {"messages": [],
  "goals":
  [{"name": "right.right",
    "hypotheses":
    [{"type": "Prop", "names": ["p", "q"], "body": "", "_type": "hypothesis"}],
    "conclusion": "q ∧ p",
    "_type": "goal"}],
  "contents":
  [{"typeinfo": null,
    "semanticType": "Keyword",
    "raw": "assumption",
    "link": null,
    "docstring":
    "`assumption` tries to solve the main goal using a hypothesis of compatible type, or else fails.\nNote also the `‹t›` term notation, which is a shorthand for `show t by assumption`. ",
    "_type": "token"}],
  "_type": "sentence"},
 {"messages": [],
  "goals":
  [{"name": "",
    "hypotheses":
    [{"type": "Prop", "names": ["p", "q"], "body": "", "_type": "hypothesis"}],
    "conclusion": "p → q → (p ∧ q) ∧ p ∧ q ∧ p",
    "_type": "goal"}],
  "contents":
  [{"typeinfo": null,
    "semanticType": null,
    "raw": "\n  ",
    "link": null,
    "docstring": null,
    "_type": "token"}],
  "_type": "sentence"},
 {"messages": [],
  "goals":
  [{"name": "right.right.left",
    "hypotheses":
    [{"type": "Prop", "names": ["p", "q"], "body": "", "_type": "hypothesis"}],
    "conclusion": "q",
    "_type": "goal"},
   {"name": "right.right.right",
    "hypotheses":
    [{"type": "Prop", "names": ["p", "q"], "body": "", "_type": "hypothesis"}],
    "conclusion": "p",
    "_type": "goal"}],
  "contents":
  [{"typeinfo": null,
    "semanticType": "Keyword",
    "raw": "constructor",
    "link": null,
    "docstring":
    "If the main goal's target type is an inductive type, `constructor` solves it with the first matching constructor, or else fails. ",
    "_type": "token"}],
  "_type": "sentence"},
 {"messages": [],
  "goals":
  [{"name": "",
    "hypotheses":
    [{"type": "Prop", "names": ["p", "q"], "body": "", "_type": "hypothesis"}],
    "conclusion": "p → q → (p ∧ q) ∧ p ∧ q ∧ p",
    "_type": "goal"}],
  "contents":
  [{"typeinfo": null,
    "semanticType": null,
    "raw": "\n  ",
    "link": null,
    "docstring": null,
    "_type": "token"}],
  "_type": "sentence"},
 {"messages": [],
  "goals":
  [{"name": "right.right.left",
    "hypotheses":
    [{"type": "Prop", "names": ["p", "q"], "body": "", "_type": "hypothesis"}],
    "conclusion": "q",
    "_type": "goal"},
   {"name": "right.right.right",
    "hypotheses":
    [{"type": "Prop", "names": ["p", "q"], "body": "", "_type": "hypothesis"}],
    "conclusion": "p",
    "_type": "goal"}],
  "contents":
  [{"typeinfo": null,
    "semanticType": "Keyword",
    "raw": "any_goals",
    "link": null,
    "docstring": null,
    "_type": "token"},
   {"typeinfo": null,
    "semanticType": null,
    "raw": " ",
    "link": null,
    "docstring": null,
    "_type": "token"}],
  "_type": "sentence"},
 {"messages": [],
  "goals":
  [{"name": "",
    "hypotheses": [],
    "conclusion": "Goals accomplished! 🐙",
    "_type": "goal"}],
  "contents":
  [{"typeinfo": null,
    "semanticType": "Keyword",
    "raw": "assumption",
    "link": null,
    "docstring":
    "`assumption` tries to solve the main goal using a hypothesis of compatible type, or else fails.\nNote also the `‹t›` term notation, which is a shorthand for `show t by assumption`. ",
    "_type": "token"}],
  "_type": "sentence"},
 {"contents": [], "_type": "text"}]