[{"contents":
  "import Mathlib.Tactic.Basic\n\nexample : ∀ a b : Nat, a = b → b = a := ",
  "_type": "text"},
 {"messages": [],
  "goals":
  [{"name": "",
    "hypotheses": [],
    "conclusion": "∀ (a b : Nat), a = b → b = a",
    "_type": "goal"}],
  "contents": "by\n  ",
  "_type": "sentence"},
 {"messages": [],
  "goals":
  [{"name": "",
    "hypotheses":
    [{"type": "Nat", "names": ["a", "b"], "body": "", "_type": "hypothesis"},
     {"type": "a = b", "names": ["h"], "body": "", "_type": "hypothesis"}],
    "conclusion": "b = a",
    "_type": "goal"}],
  "contents": "introv h",
  "_type": "sentence"},
 {"messages": [],
  "goals":
  [{"name": "",
    "hypotheses": [],
    "conclusion": "∀ (a b : Nat), a = b → b = a",
    "_type": "goal"}],
  "contents": "\n  ",
  "_type": "sentence"},
 {"messages": [],
  "goals":
  [{"name": "",
    "hypotheses": [],
    "conclusion": "Goals accomplished! 🐙",
    "_type": "goal"}],
  "contents": "exact h.symm",
  "_type": "sentence"},
 {"contents": "\n\nexample (n : Nat) : n = n := ", "_type": "text"},
 {"messages": [],
  "goals":
  [{"name": "",
    "hypotheses":
    [{"type": "Nat", "names": ["n"], "body": "", "_type": "hypothesis"}],
    "conclusion": "n = n",
    "_type": "goal"}],
  "contents": "by\n  ",
  "_type": "sentence"},
 {"messages": [],
  "goals":
  [{"name": "zero",
    "hypotheses": [],
    "conclusion": "Nat.zero = Nat.zero",
    "_type": "goal"},
   {"name": "succ",
    "hypotheses":
    [{"type": "Nat", "names": ["n✝"], "body": "", "_type": "hypothesis"}],
    "conclusion": "Nat.succ n✝ = Nat.succ n✝",
    "_type": "goal"}],
  "contents": "induction n",
  "_type": "sentence"},
 {"messages": [],
  "goals":
  [{"name": "",
    "hypotheses":
    [{"type": "Nat", "names": ["n"], "body": "", "_type": "hypothesis"}],
    "conclusion": "n = n",
    "_type": "goal"}],
  "contents": "\n  ",
  "_type": "sentence"},
 {"messages": [],
  "goals":
  [{"name": "",
    "hypotheses": [],
    "conclusion": "Goals accomplished! 🐙",
    "_type": "goal"}],
  "contents": "exacts [rfl, rfl]",
  "_type": "sentence"},
 {"messages": [],
  "goals":
  [{"name": "",
    "hypotheses":
    [{"type": "Nat", "names": ["n"], "body": "", "_type": "hypothesis"}],
    "conclusion": "n = n",
    "_type": "goal"}],
  "contents": "\n  ",
  "_type": "sentence"},
 {"messages": [],
  "goals":
  [{"name": "",
    "hypotheses": [],
    "conclusion": "Goals accomplished! 🐙",
    "_type": "goal"}],
  "contents": "exacts []",
  "_type": "sentence"},
 {"contents": "\n\nexample (n : Nat) : Nat := ", "_type": "text"},
 {"messages": [],
  "goals":
  [{"name": "",
    "hypotheses":
    [{"type": "Nat", "names": ["n"], "body": "", "_type": "hypothesis"}],
    "conclusion": "Nat",
    "_type": "goal"}],
  "contents": "by\n  ",
  "_type": "sentence"},
 {"messages": [],
  "goals":
  [{"name": "",
    "hypotheses":
    [{"type": "Nat", "names": ["n"], "body": "", "_type": "hypothesis"}],
    "conclusion": "Nat",
    "_type": "goal"}],
  "contents": "guard_hyp n : Nat",
  "_type": "sentence"},
 {"messages": [],
  "goals":
  [{"name": "",
    "hypotheses":
    [{"type": "Nat", "names": ["n"], "body": "", "_type": "hypothesis"}],
    "conclusion": "Nat",
    "_type": "goal"}],
  "contents": "\n  ",
  "_type": "sentence"},
 {"messages": [],
  "goals":
  [{"name": "",
    "hypotheses":
    [{"type": "Nat", "names": ["n"], "body": "", "_type": "hypothesis"},
     {"type": "Nat", "names": ["m"], "body": "1", "_type": "hypothesis"}],
    "conclusion": "Nat",
    "_type": "goal"}],
  "contents": "let m : Nat := 1",
  "_type": "sentence"},
 {"messages": [],
  "goals":
  [{"name": "",
    "hypotheses":
    [{"type": "Nat", "names": ["n"], "body": "", "_type": "hypothesis"}],
    "conclusion": "Nat",
    "_type": "goal"}],
  "contents": "\n  ",
  "_type": "sentence"},
 {"messages": [],
  "goals":
  [{"name": "",
    "hypotheses":
    [{"type": "Nat", "names": ["n"], "body": "", "_type": "hypothesis"},
     {"type": "Nat", "names": ["m"], "body": "1", "_type": "hypothesis"}],
    "conclusion": "Nat",
    "_type": "goal"}],
  "contents": "guard_hyp m := 1",
  "_type": "sentence"},
 {"messages": [],
  "goals":
  [{"name": "",
    "hypotheses":
    [{"type": "Nat", "names": ["n"], "body": "", "_type": "hypothesis"}],
    "conclusion": "Nat",
    "_type": "goal"}],
  "contents": "\n  ",
  "_type": "sentence"},
 {"messages": [],
  "goals":
  [{"name": "",
    "hypotheses":
    [{"type": "Nat", "names": ["n"], "body": "", "_type": "hypothesis"},
     {"type": "Nat", "names": ["m"], "body": "1", "_type": "hypothesis"}],
    "conclusion": "Nat",
    "_type": "goal"}],
  "contents": "guard_hyp m : Nat := 1",
  "_type": "sentence"},
 {"messages": [],
  "goals":
  [{"name": "",
    "hypotheses":
    [{"type": "Nat", "names": ["n"], "body": "", "_type": "hypothesis"}],
    "conclusion": "Nat",
    "_type": "goal"}],
  "contents": "\n  ",
  "_type": "sentence"},
 {"messages": [],
  "goals":
  [{"name": "",
    "hypotheses":
    [{"type": "Nat", "names": ["n"], "body": "", "_type": "hypothesis"},
     {"type": "Nat", "names": ["m"], "body": "1", "_type": "hypothesis"}],
    "conclusion": "Nat",
    "_type": "goal"}],
  "contents": "guard_target == Nat",
  "_type": "sentence"},
 {"messages": [],
  "goals":
  [{"name": "",
    "hypotheses":
    [{"type": "Nat", "names": ["n"], "body": "", "_type": "hypothesis"}],
    "conclusion": "Nat",
    "_type": "goal"}],
  "contents": "\n  ",
  "_type": "sentence"},
 {"messages": [],
  "goals":
  [{"name": "",
    "hypotheses": [],
    "conclusion": "Goals accomplished! 🐙",
    "_type": "goal"}],
  "contents": "exact 0",
  "_type": "sentence"},
 {"contents": "\n\nexample (a b : Nat) : a ≠ b → ¬ a = b := ", "_type": "text"},
 {"messages": [],
  "goals":
  [{"name": "",
    "hypotheses":
    [{"type": "Nat", "names": ["a", "b"], "body": "", "_type": "hypothesis"}],
    "conclusion": "a ≠ b → ¬a = b",
    "_type": "goal"}],
  "contents": "by\n  ",
  "_type": "sentence"},
 {"messages": [],
  "goals":
  [{"name": "",
    "hypotheses":
    [{"type": "Nat", "names": ["a", "b"], "body": "", "_type": "hypothesis"}],
    "conclusion": "¬a = b",
    "_type": "goal"}],
  "contents": "intros",
  "_type": "sentence"},
 {"messages": [],
  "goals":
  [{"name": "",
    "hypotheses":
    [{"type": "Nat", "names": ["a", "b"], "body": "", "_type": "hypothesis"}],
    "conclusion": "a ≠ b → ¬a = b",
    "_type": "goal"}],
  "contents": "\n  ",
  "_type": "sentence"},
 {"messages": [],
  "goals":
  [{"name": "",
    "hypotheses":
    [{"type": "Nat", "names": ["a", "b"], "body": "", "_type": "hypothesis"}],
    "conclusion": "¬a = b",
    "_type": "goal"}],
  "contents": "by_contra H",
  "_type": "sentence"},
 {"messages": [],
  "goals":
  [{"name": "",
    "hypotheses":
    [{"type": "Nat", "names": ["a", "b"], "body": "", "_type": "hypothesis"}],
    "conclusion": "a ≠ b → ¬a = b",
    "_type": "goal"}],
  "contents": "\n  ",
  "_type": "sentence"},
 {"messages": [],
  "goals":
  [{"name": "",
    "hypotheses": [],
    "conclusion": "Goals accomplished! 🐙",
    "_type": "goal"}],
  "contents": "contradiction",
  "_type": "sentence"},
 {"contents": "\n\nexample (a b : Nat) : ¬¬ a = b → a = b := ",
  "_type": "text"},
 {"messages": [],
  "goals":
  [{"name": "",
    "hypotheses":
    [{"type": "Nat", "names": ["a", "b"], "body": "", "_type": "hypothesis"}],
    "conclusion": "¬¬a = b → a = b",
    "_type": "goal"}],
  "contents": "by\n  ",
  "_type": "sentence"},
 {"messages": [],
  "goals":
  [{"name": "",
    "hypotheses":
    [{"type": "Nat", "names": ["a", "b"], "body": "", "_type": "hypothesis"}],
    "conclusion": "a = b",
    "_type": "goal"}],
  "contents": "intros",
  "_type": "sentence"},
 {"messages": [],
  "goals":
  [{"name": "",
    "hypotheses":
    [{"type": "Nat", "names": ["a", "b"], "body": "", "_type": "hypothesis"}],
    "conclusion": "¬¬a = b → a = b",
    "_type": "goal"}],
  "contents": "\n  ",
  "_type": "sentence"},
 {"messages": [],
  "goals":
  [{"name": "h",
    "hypotheses":
    [{"type": "Nat", "names": ["a", "b"], "body": "", "_type": "hypothesis"},
     {"type": "¬a = b", "names": ["H"], "body": "", "_type": "hypothesis"}],
    "conclusion": "False",
    "_type": "goal"}],
  "contents": "by_contra H",
  "_type": "sentence"},
 {"messages": [],
  "goals":
  [{"name": "",
    "hypotheses":
    [{"type": "Nat", "names": ["a", "b"], "body": "", "_type": "hypothesis"}],
    "conclusion": "¬¬a = b → a = b",
    "_type": "goal"}],
  "contents": "\n  ",
  "_type": "sentence"},
 {"messages": [],
  "goals":
  [{"name": "",
    "hypotheses": [],
    "conclusion": "Goals accomplished! 🐙",
    "_type": "goal"}],
  "contents": "contradiction",
  "_type": "sentence"},
 {"contents": "\n\nexample (p q : Prop) : ¬¬ p → p := ", "_type": "text"},
 {"messages": [],
  "goals":
  [{"name": "",
    "hypotheses":
    [{"type": "Prop", "names": ["p", "q"], "body": "", "_type": "hypothesis"}],
    "conclusion": "¬¬p → p",
    "_type": "goal"}],
  "contents": "by\n  ",
  "_type": "sentence"},
 {"messages": [],
  "goals":
  [{"name": "",
    "hypotheses":
    [{"type": "Prop", "names": ["p", "q"], "body": "", "_type": "hypothesis"}],
    "conclusion": "p",
    "_type": "goal"}],
  "contents": "intros",
  "_type": "sentence"},
 {"messages": [],
  "goals":
  [{"name": "",
    "hypotheses":
    [{"type": "Prop", "names": ["p", "q"], "body": "", "_type": "hypothesis"}],
    "conclusion": "¬¬p → p",
    "_type": "goal"}],
  "contents": "\n  ",
  "_type": "sentence"},
 {"messages": [],
  "goals":
  [{"name": "h",
    "hypotheses":
    [{"type": "Prop", "names": ["p", "q"], "body": "", "_type": "hypothesis"},
     {"type": "¬p", "names": ["H"], "body": "", "_type": "hypothesis"}],
    "conclusion": "False",
    "_type": "goal"}],
  "contents": "by_contra H",
  "_type": "sentence"},
 {"messages": [],
  "goals":
  [{"name": "",
    "hypotheses":
    [{"type": "Prop", "names": ["p", "q"], "body": "", "_type": "hypothesis"}],
    "conclusion": "¬¬p → p",
    "_type": "goal"}],
  "contents": "\n  ",
  "_type": "sentence"},
 {"messages": [],
  "goals":
  [{"name": "",
    "hypotheses": [],
    "conclusion": "Goals accomplished! 🐙",
    "_type": "goal"}],
  "contents": "contradiction",
  "_type": "sentence"},
 {"contents": "\n\n-- Test `iterate n ...`\nexample (n m : Nat) : Unit := ",
  "_type": "text"},
 {"messages": [],
  "goals":
  [{"name": "",
    "hypotheses":
    [{"type": "Nat", "names": ["n", "m"], "body": "", "_type": "hypothesis"}],
    "conclusion": "Unit",
    "_type": "goal"}],
  "contents": "by\n  ",
  "_type": "sentence"},
 {"messages": [],
  "goals":
  [{"name": "zero",
    "hypotheses":
    [{"type": "Nat", "names": ["m"], "body": "", "_type": "hypothesis"}],
    "conclusion": "Unit",
    "_type": "goal"},
   {"name": "succ",
    "hypotheses":
    [{"type": "Nat", "names": ["m"], "body": "", "_type": "hypothesis"}],
    "conclusion": "Unit",
    "_type": "goal"}],
  "contents": "cases n",
  "_type": "sentence"},
 {"messages": [],
  "goals":
  [{"name": "",
    "hypotheses":
    [{"type": "Nat", "names": ["n", "m"], "body": "", "_type": "hypothesis"}],
    "conclusion": "Unit",
    "_type": "goal"}],
  "contents": "\n  ",
  "_type": "sentence"},
 {"messages": [],
  "goals":
  [{"name": "zero.zero",
    "hypotheses": [],
    "conclusion": "Unit",
    "_type": "goal"},
   {"name": "zero.succ",
    "hypotheses": [],
    "conclusion": "Unit",
    "_type": "goal"},
   {"name": "succ",
    "hypotheses":
    [{"type": "Nat", "names": ["m"], "body": "", "_type": "hypothesis"}],
    "conclusion": "Unit",
    "_type": "goal"}],
  "contents": "cases m",
  "_type": "sentence"},
 {"messages": [],
  "goals":
  [{"name": "",
    "hypotheses":
    [{"type": "Nat", "names": ["n", "m"], "body": "", "_type": "hypothesis"}],
    "conclusion": "Unit",
    "_type": "goal"}],
  "contents": "\n  ",
  "_type": "sentence"},
 {"messages": [],
  "goals":
  [{"name": "",
    "hypotheses": [],
    "conclusion": "Goals accomplished! 🐙",
    "_type": "goal"}],
  "contents": "iterate 3 exact ()",
  "_type": "sentence"},
 {"contents":
  "\n\n-- Test `iterate ...`, which should repeat until failure.\nexample (n m : Nat) : Unit := ",
  "_type": "text"},
 {"messages": [],
  "goals":
  [{"name": "",
    "hypotheses":
    [{"type": "Nat", "names": ["n", "m"], "body": "", "_type": "hypothesis"}],
    "conclusion": "Unit",
    "_type": "goal"}],
  "contents": "by\n  ",
  "_type": "sentence"},
 {"messages": [],
  "goals":
  [{"name": "zero",
    "hypotheses":
    [{"type": "Nat", "names": ["m"], "body": "", "_type": "hypothesis"}],
    "conclusion": "Unit",
    "_type": "goal"},
   {"name": "succ",
    "hypotheses":
    [{"type": "Nat", "names": ["m"], "body": "", "_type": "hypothesis"}],
    "conclusion": "Unit",
    "_type": "goal"}],
  "contents": "cases n",
  "_type": "sentence"},
 {"messages": [],
  "goals":
  [{"name": "",
    "hypotheses":
    [{"type": "Nat", "names": ["n", "m"], "body": "", "_type": "hypothesis"}],
    "conclusion": "Unit",
    "_type": "goal"}],
  "contents": "\n  ",
  "_type": "sentence"},
 {"messages": [],
  "goals":
  [{"name": "zero.zero",
    "hypotheses": [],
    "conclusion": "Unit",
    "_type": "goal"},
   {"name": "zero.succ",
    "hypotheses": [],
    "conclusion": "Unit",
    "_type": "goal"},
   {"name": "succ",
    "hypotheses":
    [{"type": "Nat", "names": ["m"], "body": "", "_type": "hypothesis"}],
    "conclusion": "Unit",
    "_type": "goal"}],
  "contents": "cases m",
  "_type": "sentence"},
 {"messages": [],
  "goals":
  [{"name": "",
    "hypotheses":
    [{"type": "Nat", "names": ["n", "m"], "body": "", "_type": "hypothesis"}],
    "conclusion": "Unit",
    "_type": "goal"}],
  "contents": "\n  ",
  "_type": "sentence"},
 {"messages": [],
  "goals":
  [{"name": "",
    "hypotheses": [],
    "conclusion": "Goals accomplished! 🐙",
    "_type": "goal"}],
  "contents": "iterate exact ()",
  "_type": "sentence"},
 {"contents": "\n\nexample (n : Nat) : Nat := ", "_type": "text"},
 {"messages": [],
  "goals":
  [{"name": "",
    "hypotheses":
    [{"type": "Nat", "names": ["n"], "body": "", "_type": "hypothesis"}],
    "conclusion": "Nat",
    "_type": "goal"}],
  "contents": "by\n  ",
  "_type": "sentence"},
 {"messages": [],
  "goals":
  [{"name": "",
    "hypotheses":
    [{"type": "Nat", "names": ["n"], "body": "", "_type": "hypothesis"}],
    "conclusion": "Nat",
    "_type": "goal"}],
  "contents": "iterate exact ()",
  "_type": "sentence"},
 {"messages": [],
  "goals":
  [{"name": "",
    "hypotheses":
    [{"type": "Nat", "names": ["n"], "body": "", "_type": "hypothesis"}],
    "conclusion": "Nat",
    "_type": "goal"}],
  "contents": " -- silently succeeds, after iterating 0 times\n  ",
  "_type": "sentence"},
 {"messages": [],
  "goals":
  [{"name": "",
    "hypotheses": [],
    "conclusion": "Goals accomplished! 🐙",
    "_type": "goal"}],
  "contents": "iterate exact n",
  "_type": "sentence"},
 {"contents":
  "\n\nexample (p q r s : Prop) : p → q → r → s → (p ∧ q) ∧ (r ∧ s ∧ p) ∧ (p ∧ r ∧ q) := ",
  "_type": "text"},
 {"messages": [],
  "goals":
  [{"name": "",
    "hypotheses":
    [{"type": "Prop",
      "names": ["p", "q", "r", "s"],
      "body": "",
      "_type": "hypothesis"}],
    "conclusion": "p → q → r → s → (p ∧ q) ∧ (r ∧ s ∧ p) ∧ p ∧ r ∧ q",
    "_type": "goal"}],
  "contents": "by\n  ",
  "_type": "sentence"},
 {"messages": [],
  "goals":
  [{"name": "",
    "hypotheses":
    [{"type": "Prop",
      "names": ["p", "q", "r", "s"],
      "body": "",
      "_type": "hypothesis"}],
    "conclusion": "(p ∧ q) ∧ (r ∧ s ∧ p) ∧ p ∧ r ∧ q",
    "_type": "goal"}],
  "contents": "intros",
  "_type": "sentence"},
 {"messages": [],
  "goals":
  [{"name": "",
    "hypotheses":
    [{"type": "Prop",
      "names": ["p", "q", "r", "s"],
      "body": "",
      "_type": "hypothesis"}],
    "conclusion": "p → q → r → s → (p ∧ q) ∧ (r ∧ s ∧ p) ∧ p ∧ r ∧ q",
    "_type": "goal"}],
  "contents": "\n  ",
  "_type": "sentence"},
 {"messages": [],
  "goals":
  [{"name": "",
    "hypotheses":
    [{"type": "Prop",
      "names": ["p", "q", "r", "s"],
      "body": "",
      "_type": "hypothesis"}],
    "conclusion": "(p ∧ q) ∧ (r ∧ s ∧ p) ∧ p ∧ r ∧ q",
    "_type": "goal"}],
  "contents": "repeat' ",
  "_type": "sentence"},
 {"messages": [],
  "goals":
  [{"name": "right.left",
    "hypotheses":
    [{"type": "Prop",
      "names": ["p", "q", "r", "s"],
      "body": "",
      "_type": "hypothesis"}],
    "conclusion": "r ∧ s ∧ p",
    "_type": "goal"},
   {"name": "right.right",
    "hypotheses":
    [{"type": "Prop",
      "names": ["p", "q", "r", "s"],
      "body": "",
      "_type": "hypothesis"}],
    "conclusion": "p ∧ r ∧ q",
    "_type": "goal"}],
  "contents": "constructor",
  "_type": "sentence"},
 {"messages": [],
  "goals":
  [{"name": "",
    "hypotheses":
    [{"type": "Prop",
      "names": ["p", "q", "r", "s"],
      "body": "",
      "_type": "hypothesis"}],
    "conclusion": "p → q → r → s → (p ∧ q) ∧ (r ∧ s ∧ p) ∧ p ∧ r ∧ q",
    "_type": "goal"}],
  "contents": "\n  ",
  "_type": "sentence"},
 {"messages": [],
  "goals":
  [{"name": "left.left",
    "hypotheses":
    [{"type": "Prop",
      "names": ["p", "q", "r", "s"],
      "body": "",
      "_type": "hypothesis"}],
    "conclusion": "p",
    "_type": "goal"},
   {"name": "left.right",
    "hypotheses":
    [{"type": "Prop",
      "names": ["p", "q", "r", "s"],
      "body": "",
      "_type": "hypothesis"}],
    "conclusion": "q",
    "_type": "goal"},
   {"name": "right.left.left",
    "hypotheses":
    [{"type": "Prop",
      "names": ["p", "q", "r", "s"],
      "body": "",
      "_type": "hypothesis"}],
    "conclusion": "r",
    "_type": "goal"},
   {"name": "right.left.right.left",
    "hypotheses":
    [{"type": "Prop",
      "names": ["p", "q", "r", "s"],
      "body": "",
      "_type": "hypothesis"}],
    "conclusion": "s",
    "_type": "goal"},
   {"name": "right.left.right.right",
    "hypotheses":
    [{"type": "Prop",
      "names": ["p", "q", "r", "s"],
      "body": "",
      "_type": "hypothesis"}],
    "conclusion": "p",
    "_type": "goal"},
   {"name": "right.right.left",
    "hypotheses":
    [{"type": "Prop",
      "names": ["p", "q", "r", "s"],
      "body": "",
      "_type": "hypothesis"}],
    "conclusion": "p",
    "_type": "goal"},
   {"name": "right.right.right.left",
    "hypotheses":
    [{"type": "Prop",
      "names": ["p", "q", "r", "s"],
      "body": "",
      "_type": "hypothesis"}],
    "conclusion": "r",
    "_type": "goal"},
   {"name": "right.right.right.right",
    "hypotheses":
    [{"type": "Prop",
      "names": ["p", "q", "r", "s"],
      "body": "",
      "_type": "hypothesis"}],
    "conclusion": "q",
    "_type": "goal"}],
  "contents": "repeat' ",
  "_type": "sentence"},
 {"messages": [],
  "goals":
  [{"name": "",
    "hypotheses": [],
    "conclusion": "Goals accomplished! 🐙",
    "_type": "goal"}],
  "contents": "assumption",
  "_type": "sentence"},
 {"contents": "\n\nexample (p q : Prop) : p → q → (p ∧ q) ∧ (p ∧ q ∧ p) := ",
  "_type": "text"},
 {"messages": [],
  "goals":
  [{"name": "",
    "hypotheses":
    [{"type": "Prop", "names": ["p", "q"], "body": "", "_type": "hypothesis"}],
    "conclusion": "p → q → (p ∧ q) ∧ p ∧ q ∧ p",
    "_type": "goal"}],
  "contents": "by\n  ",
  "_type": "sentence"},
 {"messages": [],
  "goals":
  [{"name": "",
    "hypotheses":
    [{"type": "Prop", "names": ["p", "q"], "body": "", "_type": "hypothesis"}],
    "conclusion": "(p ∧ q) ∧ p ∧ q ∧ p",
    "_type": "goal"}],
  "contents": "intros",
  "_type": "sentence"},
 {"messages": [],
  "goals":
  [{"name": "",
    "hypotheses":
    [{"type": "Prop", "names": ["p", "q"], "body": "", "_type": "hypothesis"}],
    "conclusion": "p → q → (p ∧ q) ∧ p ∧ q ∧ p",
    "_type": "goal"}],
  "contents": "\n  ",
  "_type": "sentence"},
 {"messages": [],
  "goals":
  [{"name": "left",
    "hypotheses":
    [{"type": "Prop", "names": ["p", "q"], "body": "", "_type": "hypothesis"}],
    "conclusion": "p ∧ q",
    "_type": "goal"},
   {"name": "right",
    "hypotheses":
    [{"type": "Prop", "names": ["p", "q"], "body": "", "_type": "hypothesis"}],
    "conclusion": "p ∧ q ∧ p",
    "_type": "goal"}],
  "contents": "constructor",
  "_type": "sentence"},
 {"messages": [],
  "goals":
  [{"name": "",
    "hypotheses":
    [{"type": "Prop", "names": ["p", "q"], "body": "", "_type": "hypothesis"}],
    "conclusion": "p → q → (p ∧ q) ∧ p ∧ q ∧ p",
    "_type": "goal"}],
  "contents": "\n  ",
  "_type": "sentence"},
 {"messages": [],
  "goals":
  [{"name": "left",
    "hypotheses":
    [{"type": "Prop", "names": ["p", "q"], "body": "", "_type": "hypothesis"}],
    "conclusion": "p ∧ q",
    "_type": "goal"},
   {"name": "right",
    "hypotheses":
    [{"type": "Prop", "names": ["p", "q"], "body": "", "_type": "hypothesis"}],
    "conclusion": "p ∧ q ∧ p",
    "_type": "goal"}],
  "contents": "fail_if_success ",
  "_type": "sentence"},
 {"messages": [],
  "goals":
  [{"name": "left",
    "hypotheses":
    [{"type": "Prop", "names": ["p", "q"], "body": "", "_type": "hypothesis"}],
    "conclusion": "p ∧ q",
    "_type": "goal"},
   {"name": "right",
    "hypotheses":
    [{"type": "Prop", "names": ["p", "q"], "body": "", "_type": "hypothesis"}],
    "conclusion": "p ∧ q ∧ p",
    "_type": "goal"}],
  "contents": "any_goals ",
  "_type": "sentence"},
 {"messages": [],
  "goals":
  [{"name": "right",
    "hypotheses":
    [{"type": "Prop", "names": ["p", "q"], "body": "", "_type": "hypothesis"}],
    "conclusion": "p ∧ q ∧ p",
    "_type": "goal"}],
  "contents": "assumption",
  "_type": "sentence"},
 {"messages": [],
  "goals":
  [{"name": "",
    "hypotheses":
    [{"type": "Prop", "names": ["p", "q"], "body": "", "_type": "hypothesis"}],
    "conclusion": "p → q → (p ∧ q) ∧ p ∧ q ∧ p",
    "_type": "goal"}],
  "contents": "\n  ",
  "_type": "sentence"},
 {"messages": [],
  "goals":
  [{"name": "left",
    "hypotheses":
    [{"type": "Prop", "names": ["p", "q"], "body": "", "_type": "hypothesis"}],
    "conclusion": "p ∧ q",
    "_type": "goal"},
   {"name": "right",
    "hypotheses":
    [{"type": "Prop", "names": ["p", "q"], "body": "", "_type": "hypothesis"}],
    "conclusion": "p ∧ q ∧ p",
    "_type": "goal"}],
  "contents": "all_goals ",
  "_type": "sentence"},
 {"messages": [],
  "goals":
  [{"name": "left.left",
    "hypotheses":
    [{"type": "Prop", "names": ["p", "q"], "body": "", "_type": "hypothesis"}],
    "conclusion": "p",
    "_type": "goal"},
   {"name": "left.right",
    "hypotheses":
    [{"type": "Prop", "names": ["p", "q"], "body": "", "_type": "hypothesis"}],
    "conclusion": "q",
    "_type": "goal"}],
  "contents": "constructor",
  "_type": "sentence"},
 {"messages": [],
  "goals":
  [{"name": "",
    "hypotheses":
    [{"type": "Prop", "names": ["p", "q"], "body": "", "_type": "hypothesis"}],
    "conclusion": "p → q → (p ∧ q) ∧ p ∧ q ∧ p",
    "_type": "goal"}],
  "contents": "\n  ",
  "_type": "sentence"},
 {"messages": [],
  "goals":
  [{"name": "left.left",
    "hypotheses":
    [{"type": "Prop", "names": ["p", "q"], "body": "", "_type": "hypothesis"}],
    "conclusion": "p",
    "_type": "goal"},
   {"name": "left.right",
    "hypotheses":
    [{"type": "Prop", "names": ["p", "q"], "body": "", "_type": "hypothesis"}],
    "conclusion": "q",
    "_type": "goal"},
   {"name": "right.left",
    "hypotheses":
    [{"type": "Prop", "names": ["p", "q"], "body": "", "_type": "hypothesis"}],
    "conclusion": "p",
    "_type": "goal"},
   {"name": "right.right",
    "hypotheses":
    [{"type": "Prop", "names": ["p", "q"], "body": "", "_type": "hypothesis"}],
    "conclusion": "q ∧ p",
    "_type": "goal"}],
  "contents": "any_goals ",
  "_type": "sentence"},
 {"messages": [],
  "goals":
  [{"name": "right.right",
    "hypotheses":
    [{"type": "Prop", "names": ["p", "q"], "body": "", "_type": "hypothesis"}],
    "conclusion": "q ∧ p",
    "_type": "goal"}],
  "contents": "assumption",
  "_type": "sentence"},
 {"messages": [],
  "goals":
  [{"name": "",
    "hypotheses":
    [{"type": "Prop", "names": ["p", "q"], "body": "", "_type": "hypothesis"}],
    "conclusion": "p → q → (p ∧ q) ∧ p ∧ q ∧ p",
    "_type": "goal"}],
  "contents": "\n  ",
  "_type": "sentence"},
 {"messages": [],
  "goals":
  [{"name": "right.right.left",
    "hypotheses":
    [{"type": "Prop", "names": ["p", "q"], "body": "", "_type": "hypothesis"}],
    "conclusion": "q",
    "_type": "goal"},
   {"name": "right.right.right",
    "hypotheses":
    [{"type": "Prop", "names": ["p", "q"], "body": "", "_type": "hypothesis"}],
    "conclusion": "p",
    "_type": "goal"}],
  "contents": "constructor",
  "_type": "sentence"},
 {"messages": [],
  "goals":
  [{"name": "",
    "hypotheses":
    [{"type": "Prop", "names": ["p", "q"], "body": "", "_type": "hypothesis"}],
    "conclusion": "p → q → (p ∧ q) ∧ p ∧ q ∧ p",
    "_type": "goal"}],
  "contents": "\n  ",
  "_type": "sentence"},
 {"messages": [],
  "goals":
  [{"name": "right.right.left",
    "hypotheses":
    [{"type": "Prop", "names": ["p", "q"], "body": "", "_type": "hypothesis"}],
    "conclusion": "q",
    "_type": "goal"},
   {"name": "right.right.right",
    "hypotheses":
    [{"type": "Prop", "names": ["p", "q"], "body": "", "_type": "hypothesis"}],
    "conclusion": "p",
    "_type": "goal"}],
  "contents": "any_goals ",
  "_type": "sentence"},
 {"messages": [],
  "goals":
  [{"name": "",
    "hypotheses": [],
    "conclusion": "Goals accomplished! 🐙",
    "_type": "goal"}],
  "contents": "assumption",
  "_type": "sentence"},
 {"contents": "", "_type": "text"}]