[{"contents":
  [{"typeinfo": null,
    "semanticType": "Keyword",
    "raw": "def",
    "link": null,
    "docstring": null,
    "_type": "token"},
   {"typeinfo": null,
    "semanticType": null,
    "raw": " ",
    "link": null,
    "docstring": null,
    "_type": "token"},
   {"typeinfo": {"type": "IO Unit", "name": "main", "_type": "typeinfo"},
    "semanticType": "Name.Variable",
    "raw": "main",
    "link": null,
    "docstring": null,
    "_type": "token"},
   {"typeinfo": null,
    "semanticType": null,
    "raw": " : ",
    "link": null,
    "docstring": null,
    "_type": "token"},
   {"typeinfo": {"type": "Type → Type", "name": "IO", "_type": "typeinfo"},
    "semanticType": null,
    "raw": "IO",
    "link": null,
    "docstring": null,
    "_type": "token"},
   {"typeinfo": null,
    "semanticType": null,
    "raw": " ",
    "link": null,
    "docstring": null,
    "_type": "token"},
   {"typeinfo": {"type": "Type", "name": "Unit", "_type": "typeinfo"},
    "semanticType": null,
    "raw": "Unit",
    "link": null,
    "docstring":
    "An abbreviation for `PUnit.{0}`, its most common instantiation.\n    This Type should be preferred over `PUnit` where possible to avoid\n    unnecessary universe parameters. ",
    "_type": "token"},
   {"typeinfo": null,
    "semanticType": null,
    "raw": " :=\n  ",
    "link": null,
    "docstring": null,
    "_type": "token"},
   {"typeinfo":
    {"type": "{α : Type} → [inst : ToString α] → α → IO Unit",
     "name": "IO.println",
     "_type": "typeinfo"},
    "semanticType": null,
    "raw": "IO.println",
    "link": null,
    "docstring": null,
    "_type": "token"},
   {"typeinfo": null,
    "semanticType": null,
    "raw": " ",
    "link": null,
    "docstring": null,
    "_type": "token"},
   {"typeinfo":
    {"type": "String", "name": "s!\"Hello, world!\"", "_type": "typeinfo"},
    "semanticType": "Keyword",
    "raw": "s!",
    "link": null,
    "docstring": null,
    "_type": "token"},
   {"typeinfo":
    {"type": "String", "name": "s!\"Hello, world!\"", "_type": "typeinfo"},
    "semanticType": null,
    "raw": "\"Hello, world!\"",
    "link": null,
    "docstring": null,
    "_type": "token"}],
  "_type": "text"}]