[{"contents":
  [{"typeinfo": null,
    "semanticType": "Keyword",
    "raw": "def",
    "link": null,
    "docstring": null,
    "_type": "token"},
   {"typeinfo": null,
    "semanticType": null,
    "raw": " ",
    "link": null,
    "docstring": null,
    "_type": "token"},
   {"typeinfo": {"type": "IO Unit", "name": "main", "_type": "typeinfo"},
    "semanticType": "Name.Variable",
    "raw": "main",
    "link": null,
    "docstring": null,
    "_type": "token"},
   {"typeinfo": null,
    "semanticType": null,
    "raw": " : ",
    "link": null,
    "docstring": null,
    "_type": "token"},
   {"typeinfo": {"type": "Type → Type", "name": "IO", "_type": "typeinfo"},
    "semanticType": null,
    "raw": "IO",
    "link": null,
    "docstring": null,
    "_type": "token"},
   {"typeinfo": null,
    "semanticType": null,
    "raw": " ",
    "link": null,
    "docstring": null,
    "_type": "token"},
   {"typeinfo": {"type": "Type", "name": "Unit", "_type": "typeinfo"},
    "semanticType": null,
    "raw": "Unit",
    "link": null,
    "docstring":
    "The unit type, the canonical type with one element, named `unit` or `()`.\nIn other words, it describes only a single value, which consists of said constructor applied\nto no arguments whatsoever.\nThe `Unit` type is similar to `void` in languages derived from C.\n\n`Unit` is actually defined as `PUnit.{0}` where `PUnit` is the universe\npolymorphic version. The `Unit` should be preferred over `PUnit` where possible to avoid\nunnecessary universe parameters.\n\nIn functional programming, `Unit` is the return type of things that \"return\nnothing\", since a type with one element conveys no additional information.\nWhen programming with monads, the type `m Unit` represents an action that has\nsome side effects but does not return a value, while `m α` would be an action\nthat has side effects and returns a value of type `α`.\n",
    "_type": "token"},
   {"typeinfo": null,
    "semanticType": null,
    "raw": " :=\n  ",
    "link": null,
    "docstring": null,
    "_type": "token"},
   {"typeinfo":
    {"type": "{α : Type} → [inst : ToString α] → α → IO Unit",
     "name": "IO.println",
     "_type": "typeinfo"},
    "semanticType": null,
    "raw": "IO.println",
    "link": null,
    "docstring": null,
    "_type": "token"},
   {"typeinfo": null,
    "semanticType": null,
    "raw": " ",
    "link": null,
    "docstring": null,
    "_type": "token"},
   {"typeinfo":
    {"type": "String", "name": "s!\"Hello, world!\"", "_type": "typeinfo"},
    "semanticType": "Keyword",
    "raw": "s!",
    "link": null,
    "docstring": null,
    "_type": "token"},
   {"typeinfo":
    {"type": "String", "name": "s!\"Hello, world!\"", "_type": "typeinfo"},
    "semanticType": null,
    "raw": "\"Hello, world!\"",
    "link": null,
    "docstring": null,
    "_type": "token"}],
  "_type": "text"}]